stm32f3xx_hal_msp.c:49:6:HAL_MspInit	16	static
stm32f3xx_hal_msp.c:80:6:HAL_I2C_MspInit	32	static
stm32f3xx_hal_msp.c:110:6:HAL_I2C_MspDeInit	0	static
stm32f3xx_hal_msp.c:134:6:HAL_SPI_MspInit	56	static
stm32f3xx_hal_msp.c:198:6:HAL_SPI_MspDeInit	8	static
stm32f3xx_hal_msp.c:246:6:HAL_TIM_Base_MspInit	8	static
stm32f3xx_hal_msp.c:263:6:HAL_TIM_MspPostInit	32	static
stm32f3xx_hal_msp.c:290:6:HAL_TIM_Base_MspDeInit	0	static
stm32f3xx_hal_msp.c:307:6:HAL_UART_MspInit	56	static
stm32f3xx_hal_msp.c:367:6:HAL_UART_MspDeInit	8	static
stm32f3xx_hal_msp.c:411:6:HAL_PCD_MspInit	8	static
stm32f3xx_hal_msp.c:428:6:HAL_PCD_MspDeInit	0	static
