stm32f3xx_hal_tim.c:267:13:HAL_TIM_Base_MspInit	0	static
stm32f3xx_hal_tim.c:282:13:HAL_TIM_Base_MspDeInit	0	static
stm32f3xx_hal_tim.c:240:19:HAL_TIM_Base_DeInit	8	static
stm32f3xx_hal_tim.c:298:19:HAL_TIM_Base_Start	0	static
stm32f3xx_hal_tim.c:321:19:HAL_TIM_Base_Stop	0	static
stm32f3xx_hal_tim.c:344:19:HAL_TIM_Base_Start_IT	0	static
stm32f3xx_hal_tim.c:364:19:HAL_TIM_Base_Stop_IT	0	static
stm32f3xx_hal_tim.c:385:19:HAL_TIM_Base_Start_DMA	8	static
stm32f3xx_hal_tim.c:429:19:HAL_TIM_Base_Stop_DMA	0	static
stm32f3xx_hal_tim.c:545:13:HAL_TIM_OC_MspInit	0	static
stm32f3xx_hal_tim.c:560:13:HAL_TIM_OC_MspDeInit	0	static
stm32f3xx_hal_tim.c:518:19:HAL_TIM_OC_DeInit	8	static
stm32f3xx_hal_tim.c:1052:13:HAL_TIM_PWM_MspInit	0	static
stm32f3xx_hal_tim.c:1067:13:HAL_TIM_PWM_MspDeInit	0	static
stm32f3xx_hal_tim.c:1025:19:HAL_TIM_PWM_DeInit	8	static
stm32f3xx_hal_tim.c:1562:13:HAL_TIM_IC_MspInit	0	static
stm32f3xx_hal_tim.c:1577:13:HAL_TIM_IC_MspDeInit	0	static
stm32f3xx_hal_tim.c:1535:19:HAL_TIM_IC_DeInit	8	static
stm32f3xx_hal_tim.c:2045:13:HAL_TIM_OnePulse_MspInit	0	static
stm32f3xx_hal_tim.c:2060:13:HAL_TIM_OnePulse_MspDeInit	0	static
stm32f3xx_hal_tim.c:2018:19:HAL_TIM_OnePulse_DeInit	8	static
stm32f3xx_hal_tim.c:2079:19:HAL_TIM_OnePulse_Start	0	static
stm32f3xx_hal_tim.c:2112:19:HAL_TIM_OnePulse_Stop	0	static
stm32f3xx_hal_tim.c:2145:19:HAL_TIM_OnePulse_Start_IT	0	static
stm32f3xx_hal_tim.c:2184:19:HAL_TIM_OnePulse_Stop_IT	0	static
stm32f3xx_hal_tim.c:2364:13:HAL_TIM_Encoder_MspInit	0	static
stm32f3xx_hal_tim.c:2379:13:HAL_TIM_Encoder_MspDeInit	0	static
stm32f3xx_hal_tim.c:2337:19:HAL_TIM_Encoder_DeInit	8	static
stm32f3xx_hal_tim.c:2399:19:HAL_TIM_Encoder_Start	0	static
stm32f3xx_hal_tim.c:2441:19:HAL_TIM_Encoder_Stop	0	static
stm32f3xx_hal_tim.c:2485:19:HAL_TIM_Encoder_Start_IT	0	static
stm32f3xx_hal_tim.c:2533:19:HAL_TIM_Encoder_Stop_IT	0	static
stm32f3xx_hal_tim.c:2587:19:HAL_TIM_Encoder_Start_DMA	24	static
stm32f3xx_hal_tim.c:2704:19:HAL_TIM_Encoder_Stop_DMA	0	static
stm32f3xx_hal_tim.c:3389:19:HAL_TIM_DMABurst_MultiWriteStart	24	static
stm32f3xx_hal_tim.c:3343:19:HAL_TIM_DMABurst_WriteStart	24	static
stm32f3xx_hal_tim.c:3659:19:HAL_TIM_DMABurst_MultiReadStart	24	static
stm32f3xx_hal_tim.c:3613:19:HAL_TIM_DMABurst_ReadStart	24	static
stm32f3xx_hal_tim.c:3792:19:HAL_TIM_DMABurst_ReadStop	16	static
stm32f3xx_hal_tim.c:3521:19:HAL_TIM_DMABurst_WriteStop	0	static
stm32f3xx_hal_tim.c:3865:19:HAL_TIM_GenerateEvent	0	static
stm32f3xx_hal_tim.c:4180:19:HAL_TIM_ConfigTI1Input	0	static
stm32f3xx_hal_tim.c:4285:10:HAL_TIM_ReadCapturedValue	0	static
stm32f3xx_hal_tim.c:4372:13:HAL_TIM_PeriodElapsedCallback	0	static
stm32f3xx_hal_tim.c:4631:13:TIM_DMAPeriodElapsedCplt	8	static
stm32f3xx_hal_tim.c:4387:13:HAL_TIM_OC_DelayElapsedCallback	0	static
stm32f3xx_hal_tim.c:4401:13:HAL_TIM_IC_CaptureCallback	0	static
stm32f3xx_hal_tim.c:4598:6:TIM_DMACaptureCplt	8	static
stm32f3xx_hal_tim.c:4416:13:HAL_TIM_PWM_PulseFinishedCallback	0	static
stm32f3xx_hal_tim.c:4566:6:TIM_DMADelayPulseCplt	8	static
stm32f3xx_hal_tim.c:4431:13:HAL_TIM_TriggerCallback	0	static
stm32f3xx_hal_tim.c:2766:6:HAL_TIM_IRQHandler	8	static
stm32f3xx_hal_tim.c:4645:13:TIM_DMATriggerCplt	8	static
stm32f3xx_hal_tim.c:4446:13:HAL_TIM_ErrorCallback	0	static
stm32f3xx_hal_tim.c:4552:6:TIM_DMAError	8	static
stm32f3xx_hal_tim.c:4480:22:HAL_TIM_Base_GetState	0	static
stm32f3xx_hal_tim.c:4490:22:HAL_TIM_OC_GetState	0	static
stm32f3xx_hal_tim.c:4500:22:HAL_TIM_PWM_GetState	0	static
stm32f3xx_hal_tim.c:4510:22:HAL_TIM_IC_GetState	0	static
stm32f3xx_hal_tim.c:4520:22:HAL_TIM_OnePulse_GetState	0	static
stm32f3xx_hal_tim.c:4530:22:HAL_TIM_Encoder_GetState	0	static
stm32f3xx_hal_tim.c:4660:6:TIM_Base_SetConfig	0	static
stm32f3xx_hal_tim.c:200:19:HAL_TIM_Base_Init	8	static
stm32f3xx_hal_tim.c:478:19:HAL_TIM_OC_Init	8	static
stm32f3xx_hal_tim.c:985:19:HAL_TIM_PWM_Init	8	static
stm32f3xx_hal_tim.c:1495:19:HAL_TIM_IC_Init	8	static
stm32f3xx_hal_tim.c:1971:19:HAL_TIM_OnePulse_Init	16	static
stm32f3xx_hal_tim.c:2244:19:HAL_TIM_Encoder_Init	24	static
stm32f3xx_hal_tim.c:4708:6:TIM_OC1_SetConfig	16	static
stm32f3xx_hal_tim.c:4782:6:TIM_OC2_SetConfig	16	static
stm32f3xx_hal_tim.c:4862:6:TIM_OC3_SetConfig	16	static
stm32f3xx_hal_tim.c:4939:6:TIM_OC4_SetConfig	12	static
stm32f3xx_hal_tim.c:2942:26:HAL_TIM_OC_ConfigChannel	16	static
stm32f3xx_hal_tim.c:3107:26:HAL_TIM_PWM_ConfigChannel	16	static
stm32f3xx_hal_tim.c:5138:6:TIM_TI1_SetConfig	16	static
stm32f3xx_hal_tim.c:3011:19:HAL_TIM_IC_ConfigChannel	24	static
stm32f3xx_hal_tim.c:3207:19:HAL_TIM_OnePulse_ConfigChannel	48	static
stm32f3xx_hal_tim.c:5432:6:TIM_ETR_SetConfig	8	static
stm32f3xx_hal_tim.c:3902:26:HAL_TIM_ConfigOCrefClear	16	static
stm32f3xx_hal_tim.c:4006:19:HAL_TIM_ConfigClockSource	16	static
stm32f3xx_hal_tim.c:4994:13:TIM_SlaveTimer_SetConfig	8	static
stm32f3xx_hal_tim.c:4212:19:HAL_TIM_SlaveConfigSynchronization	16	static
stm32f3xx_hal_tim.c:4247:19:HAL_TIM_SlaveConfigSynchronization_IT	16	static
stm32f3xx_hal_tim.c:5462:6:TIM_CCxChannelCmd	8	static
stm32f3xx_hal_tim.c:613:19:HAL_TIM_OC_Stop	8	static
stm32f3xx_hal_tim.c:1088:19:HAL_TIM_PWM_Start	8	static
stm32f3xx_hal_tim.c:581:19:HAL_TIM_OC_Start	0	static
stm32f3xx_hal_tim.c:1120:19:HAL_TIM_PWM_Stop	8	static
stm32f3xx_hal_tim.c:1155:19:HAL_TIM_PWM_Start_IT	8	static
stm32f3xx_hal_tim.c:645:19:HAL_TIM_OC_Start_IT	0	static
stm32f3xx_hal_tim.c:1221:19:HAL_TIM_PWM_Stop_IT	8	static
stm32f3xx_hal_tim.c:711:19:HAL_TIM_OC_Stop_IT	0	static
stm32f3xx_hal_tim.c:1289:19:HAL_TIM_PWM_Start_DMA	16	static
stm32f3xx_hal_tim.c:779:19:HAL_TIM_OC_Start_DMA	0	static
stm32f3xx_hal_tim.c:1406:19:HAL_TIM_PWM_Stop_DMA	8	static
stm32f3xx_hal_tim.c:896:19:HAL_TIM_OC_Stop_DMA	0	static
stm32f3xx_hal_tim.c:1598:19:HAL_TIM_IC_Start	8	static
stm32f3xx_hal_tim.c:1624:19:HAL_TIM_IC_Stop	8	static
stm32f3xx_hal_tim.c:1650:19:HAL_TIM_IC_Start_IT	8	static
stm32f3xx_hal_tim.c:1709:19:HAL_TIM_IC_Stop_IT	8	static
stm32f3xx_hal_tim.c:1771:19:HAL_TIM_IC_Start_DMA	16	static
stm32f3xx_hal_tim.c:1884:19:HAL_TIM_IC_Stop_DMA	8	static
