stm32f3xx_hal.c:201:13:HAL_MspInit	0	static
stm32f3xx_hal.c:212:13:HAL_MspDeInit	0	static
stm32f3xx_hal.c:178:19:HAL_DeInit	8	static
stm32f3xx_hal.c:235:26:HAL_InitTick	8	static
stm32f3xx_hal.c:152:19:HAL_Init	8	static
stm32f3xx_hal.c:283:13:HAL_IncTick	0	static
stm32f3xx_hal.c:294:17:HAL_GetTick	0	static
stm32f3xx_hal.c:310:13:HAL_Delay	24	static
stm32f3xx_hal.c:336:13:HAL_SuspendTick	0	static
stm32f3xx_hal.c:354:13:HAL_ResumeTick	0	static
stm32f3xx_hal.c:365:10:HAL_GetHalVersion	0	static
stm32f3xx_hal.c:374:10:HAL_GetREVID	0	static
stm32f3xx_hal.c:383:10:HAL_GetDEVID	0	static
stm32f3xx_hal.c:392:10:HAL_GetUIDw0	0	static
stm32f3xx_hal.c:401:10:HAL_GetUIDw1	0	static
stm32f3xx_hal.c:410:10:HAL_GetUIDw2	0	static
stm32f3xx_hal.c:419:6:HAL_DBGMCU_EnableDBGSleepMode	0	static
stm32f3xx_hal.c:428:6:HAL_DBGMCU_DisableDBGSleepMode	0	static
stm32f3xx_hal.c:437:6:HAL_DBGMCU_EnableDBGStopMode	0	static
stm32f3xx_hal.c:446:6:HAL_DBGMCU_DisableDBGStopMode	0	static
stm32f3xx_hal.c:455:6:HAL_DBGMCU_EnableDBGStandbyMode	0	static
stm32f3xx_hal.c:464:6:HAL_DBGMCU_DisableDBGStandbyMode	0	static
