Archive member included to satisfy reference by file (symbol)

c:/program files (x86)/atollic/truestudio for stm32 9.0.0/armtools/bin/../lib/gcc/arm-atollic-eabi/6.3.1/../../../../arm-atollic-eabi/lib/armv7e-m/fpu\libc_nano.a(lib_a-init.o)
                              startup\startup_stm32f303xe.o (__libc_init_array)
c:/program files (x86)/atollic/truestudio for stm32 9.0.0/armtools/bin/../lib/gcc/arm-atollic-eabi/6.3.1/armv7e-m/fpu\libgcc.a(_lshrdi3.o)
                              Drivers\STM32F3xx_HAL_Driver\Src\stm32f3xx_hal_flash.o (__aeabi_llsr)

Allocating common symbols
Common symbol       size              file

hspi2               0x64              Src\main.o
hi2c2               0x4c              Src\main.o
uwTick              0x4               Drivers\STM32F3xx_HAL_Driver\Src\stm32f3xx_hal.o
pFlash              0x20              Drivers\STM32F3xx_HAL_Driver\Src\stm32f3xx_hal_flash.o
hspi3               0x64              Src\main.o
huart5              0x70              Src\main.o
htim1               0x40              Src\main.o
huart4              0x70              Src\main.o
hpcd_USB_FS         0x3a8             Src\main.o

Discarded input sections

 .text          0x00000000        0x0 c:/program files (x86)/atollic/truestudio for stm32 9.0.0/armtools/bin/../lib/gcc/arm-atollic-eabi/6.3.1/armv7e-m/fpu/crti.o
 .data          0x00000000        0x0 c:/program files (x86)/atollic/truestudio for stm32 9.0.0/armtools/bin/../lib/gcc/arm-atollic-eabi/6.3.1/armv7e-m/fpu/crti.o
 .bss           0x00000000        0x0 c:/program files (x86)/atollic/truestudio for stm32 9.0.0/armtools/bin/../lib/gcc/arm-atollic-eabi/6.3.1/armv7e-m/fpu/crti.o
 .data          0x00000000        0x4 c:/program files (x86)/atollic/truestudio for stm32 9.0.0/armtools/bin/../lib/gcc/arm-atollic-eabi/6.3.1/armv7e-m/fpu/crtbegin.o
 .text          0x00000000        0x0 Drivers\STM32F3xx_HAL_Driver\Src\stm32f3xx_hal.o
 .data          0x00000000        0x0 Drivers\STM32F3xx_HAL_Driver\Src\stm32f3xx_hal.o
 .bss           0x00000000        0x0 Drivers\STM32F3xx_HAL_Driver\Src\stm32f3xx_hal.o
 .text.HAL_MspInit
                0x00000000        0x2 Drivers\STM32F3xx_HAL_Driver\Src\stm32f3xx_hal.o
 .text.HAL_MspDeInit
                0x00000000        0x2 Drivers\STM32F3xx_HAL_Driver\Src\stm32f3xx_hal.o
 .text.HAL_DeInit
                0x00000000       0x24 Drivers\STM32F3xx_HAL_Driver\Src\stm32f3xx_hal.o
 .text.HAL_Delay
                0x00000000       0x20 Drivers\STM32F3xx_HAL_Driver\Src\stm32f3xx_hal.o
 .text.HAL_SuspendTick
                0x00000000       0x10 Drivers\STM32F3xx_HAL_Driver\Src\stm32f3xx_hal.o
 .text.HAL_ResumeTick
                0x00000000       0x10 Drivers\STM32F3xx_HAL_Driver\Src\stm32f3xx_hal.o
 .text.HAL_GetHalVersion
                0x00000000        0x8 Drivers\STM32F3xx_HAL_Driver\Src\stm32f3xx_hal.o
 .text.HAL_GetREVID
                0x00000000        0xc Drivers\STM32F3xx_HAL_Driver\Src\stm32f3xx_hal.o
 .text.HAL_GetDEVID
                0x00000000       0x10 Drivers\STM32F3xx_HAL_Driver\Src\stm32f3xx_hal.o
 .text.HAL_GetUIDw0
                0x00000000        0xc Drivers\STM32F3xx_HAL_Driver\Src\stm32f3xx_hal.o
 .text.HAL_GetUIDw1
                0x00000000        0xc Drivers\STM32F3xx_HAL_Driver\Src\stm32f3xx_hal.o
 .text.HAL_GetUIDw2
                0x00000000        0xc Drivers\STM32F3xx_HAL_Driver\Src\stm32f3xx_hal.o
 .text.HAL_DBGMCU_EnableDBGSleepMode
                0x00000000       0x10 Drivers\STM32F3xx_HAL_Driver\Src\stm32f3xx_hal.o
 .text.HAL_DBGMCU_DisableDBGSleepMode
                0x00000000       0x10 Drivers\STM32F3xx_HAL_Driver\Src\stm32f3xx_hal.o
 .text.HAL_DBGMCU_EnableDBGStopMode
                0x00000000       0x10 Drivers\STM32F3xx_HAL_Driver\Src\stm32f3xx_hal.o
 .text.HAL_DBGMCU_DisableDBGStopMode
                0x00000000       0x10 Drivers\STM32F3xx_HAL_Driver\Src\stm32f3xx_hal.o
 .text.HAL_DBGMCU_EnableDBGStandbyMode
                0x00000000       0x10 Drivers\STM32F3xx_HAL_Driver\Src\stm32f3xx_hal.o
 .text.HAL_DBGMCU_DisableDBGStandbyMode
                0x00000000       0x10 Drivers\STM32F3xx_HAL_Driver\Src\stm32f3xx_hal.o
 .text          0x00000000        0x0 Drivers\STM32F3xx_HAL_Driver\Src\stm32f3xx_hal_cortex.o
 .data          0x00000000        0x0 Drivers\STM32F3xx_HAL_Driver\Src\stm32f3xx_hal_cortex.o
 .bss           0x00000000        0x0 Drivers\STM32F3xx_HAL_Driver\Src\stm32f3xx_hal_cortex.o
 .text.HAL_NVIC_EnableIRQ
                0x00000000       0x18 Drivers\STM32F3xx_HAL_Driver\Src\stm32f3xx_hal_cortex.o
 .text.HAL_NVIC_DisableIRQ
                0x00000000       0x1c Drivers\STM32F3xx_HAL_Driver\Src\stm32f3xx_hal_cortex.o
 .text.HAL_NVIC_SystemReset
                0x00000000       0x24 Drivers\STM32F3xx_HAL_Driver\Src\stm32f3xx_hal_cortex.o
 .text.HAL_MPU_Disable
                0x00000000       0x1c Drivers\STM32F3xx_HAL_Driver\Src\stm32f3xx_hal_cortex.o
 .text.HAL_MPU_Enable
                0x00000000       0x1c Drivers\STM32F3xx_HAL_Driver\Src\stm32f3xx_hal_cortex.o
 .text.HAL_MPU_ConfigRegion
                0x00000000       0x50 Drivers\STM32F3xx_HAL_Driver\Src\stm32f3xx_hal_cortex.o
 .text.HAL_NVIC_GetPriorityGrouping
                0x00000000       0x10 Drivers\STM32F3xx_HAL_Driver\Src\stm32f3xx_hal_cortex.o
 .text.HAL_NVIC_GetPriority
                0x00000000       0x58 Drivers\STM32F3xx_HAL_Driver\Src\stm32f3xx_hal_cortex.o
 .text.HAL_NVIC_SetPendingIRQ
                0x00000000       0x1c Drivers\STM32F3xx_HAL_Driver\Src\stm32f3xx_hal_cortex.o
 .text.HAL_NVIC_GetPendingIRQ
                0x00000000       0x1c Drivers\STM32F3xx_HAL_Driver\Src\stm32f3xx_hal_cortex.o
 .text.HAL_NVIC_ClearPendingIRQ
                0x00000000       0x1c Drivers\STM32F3xx_HAL_Driver\Src\stm32f3xx_hal_cortex.o
 .text.HAL_NVIC_GetActive
                0x00000000       0x1c Drivers\STM32F3xx_HAL_Driver\Src\stm32f3xx_hal_cortex.o
 .text          0x00000000        0x0 Drivers\STM32F3xx_HAL_Driver\Src\stm32f3xx_hal_dma.o
 .data          0x00000000        0x0 Drivers\STM32F3xx_HAL_Driver\Src\stm32f3xx_hal_dma.o
 .bss           0x00000000        0x0 Drivers\STM32F3xx_HAL_Driver\Src\stm32f3xx_hal_dma.o
 .text.DMA_CalcBaseAndBitshift
                0x00000000       0x44 Drivers\STM32F3xx_HAL_Driver\Src\stm32f3xx_hal_dma.o
 .text.HAL_DMA_Init
                0x00000000       0x56 Drivers\STM32F3xx_HAL_Driver\Src\stm32f3xx_hal_dma.o
 .text.HAL_DMA_DeInit
                0x00000000       0x38 Drivers\STM32F3xx_HAL_Driver\Src\stm32f3xx_hal_dma.o
 .text.HAL_DMA_Start
                0x00000000       0x5c Drivers\STM32F3xx_HAL_Driver\Src\stm32f3xx_hal_dma.o
 .text.HAL_DMA_Start_IT
                0x00000000       0x7a Drivers\STM32F3xx_HAL_Driver\Src\stm32f3xx_hal_dma.o
 .text.HAL_DMA_Abort
                0x00000000       0x2c Drivers\STM32F3xx_HAL_Driver\Src\stm32f3xx_hal_dma.o
 .text.HAL_DMA_Abort_IT
                0x00000000       0x48 Drivers\STM32F3xx_HAL_Driver\Src\stm32f3xx_hal_dma.o
 .text.HAL_DMA_PollForTransfer
                0x00000000       0xc2 Drivers\STM32F3xx_HAL_Driver\Src\stm32f3xx_hal_dma.o
 .text.HAL_DMA_IRQHandler
                0x00000000       0x90 Drivers\STM32F3xx_HAL_Driver\Src\stm32f3xx_hal_dma.o
 .text.HAL_DMA_RegisterCallback
                0x00000000       0x46 Drivers\STM32F3xx_HAL_Driver\Src\stm32f3xx_hal_dma.o
 .text.HAL_DMA_UnRegisterCallback
                0x00000000       0x4e Drivers\STM32F3xx_HAL_Driver\Src\stm32f3xx_hal_dma.o
 .text.HAL_DMA_GetState
                0x00000000        0x6 Drivers\STM32F3xx_HAL_Driver\Src\stm32f3xx_hal_dma.o
 .text.HAL_DMA_GetError
                0x00000000        0x4 Drivers\STM32F3xx_HAL_Driver\Src\stm32f3xx_hal_dma.o
 .comment       0x00000000       0x7d Drivers\STM32F3xx_HAL_Driver\Src\stm32f3xx_hal_dma.o
 .ARM.attributes
                0x00000000       0x39 Drivers\STM32F3xx_HAL_Driver\Src\stm32f3xx_hal_dma.o
 .text          0x00000000        0x0 Drivers\STM32F3xx_HAL_Driver\Src\stm32f3xx_hal_flash.o
 .data          0x00000000        0x0 Drivers\STM32F3xx_HAL_Driver\Src\stm32f3xx_hal_flash.o
 .bss           0x00000000        0x0 Drivers\STM32F3xx_HAL_Driver\Src\stm32f3xx_hal_flash.o
 .text.FLASH_SetErrorCode
                0x00000000       0x38 Drivers\STM32F3xx_HAL_Driver\Src\stm32f3xx_hal_flash.o
 .text.HAL_FLASH_Program_IT
                0x00000000       0x5c Drivers\STM32F3xx_HAL_Driver\Src\stm32f3xx_hal_flash.o
 .text.HAL_FLASH_EndOfOperationCallback
                0x00000000        0x2 Drivers\STM32F3xx_HAL_Driver\Src\stm32f3xx_hal_flash.o
 .text.HAL_FLASH_OperationErrorCallback
                0x00000000        0x2 Drivers\STM32F3xx_HAL_Driver\Src\stm32f3xx_hal_flash.o
 .text.HAL_FLASH_IRQHandler
                0x00000000      0x114 Drivers\STM32F3xx_HAL_Driver\Src\stm32f3xx_hal_flash.o
 .text.HAL_FLASH_Unlock
                0x00000000       0x24 Drivers\STM32F3xx_HAL_Driver\Src\stm32f3xx_hal_flash.o
 .text.HAL_FLASH_Lock
                0x00000000       0x14 Drivers\STM32F3xx_HAL_Driver\Src\stm32f3xx_hal_flash.o
 .text.HAL_FLASH_OB_Unlock
                0x00000000       0x24 Drivers\STM32F3xx_HAL_Driver\Src\stm32f3xx_hal_flash.o
 .text.HAL_FLASH_OB_Lock
                0x00000000       0x14 Drivers\STM32F3xx_HAL_Driver\Src\stm32f3xx_hal_flash.o
 .text.HAL_FLASH_GetError
                0x00000000        0xc Drivers\STM32F3xx_HAL_Driver\Src\stm32f3xx_hal_flash.o
 .text.FLASH_WaitForLastOperation
                0x00000000       0x50 Drivers\STM32F3xx_HAL_Driver\Src\stm32f3xx_hal_flash.o
 .text.HAL_FLASH_Program
                0x00000000       0x8c Drivers\STM32F3xx_HAL_Driver\Src\stm32f3xx_hal_flash.o
 .text.HAL_FLASH_OB_Launch
                0x00000000       0x18 Drivers\STM32F3xx_HAL_Driver\Src\stm32f3xx_hal_flash.o
 .comment       0x00000000       0x7d Drivers\STM32F3xx_HAL_Driver\Src\stm32f3xx_hal_flash.o
 .ARM.attributes
                0x00000000       0x39 Drivers\STM32F3xx_HAL_Driver\Src\stm32f3xx_hal_flash.o
 COMMON         0x00000000       0x20 Drivers\STM32F3xx_HAL_Driver\Src\stm32f3xx_hal_flash.o
 .text          0x00000000        0x0 Drivers\STM32F3xx_HAL_Driver\Src\stm32f3xx_hal_flash_ex.o
 .data          0x00000000        0x0 Drivers\STM32F3xx_HAL_Driver\Src\stm32f3xx_hal_flash_ex.o
 .bss           0x00000000        0x0 Drivers\STM32F3xx_HAL_Driver\Src\stm32f3xx_hal_flash_ex.o
 .text.FLASH_MassErase
                0x00000000       0x24 Drivers\STM32F3xx_HAL_Driver\Src\stm32f3xx_hal_flash_ex.o
 .text.FLASH_OB_RDP_LevelConfig
                0x00000000       0x64 Drivers\STM32F3xx_HAL_Driver\Src\stm32f3xx_hal_flash_ex.o
 .text.HAL_FLASHEx_OBErase
                0x00000000       0x60 Drivers\STM32F3xx_HAL_Driver\Src\stm32f3xx_hal_flash_ex.o
 .text.HAL_FLASHEx_OBProgram
                0x00000000      0x1fc Drivers\STM32F3xx_HAL_Driver\Src\stm32f3xx_hal_flash_ex.o
 .text.HAL_FLASHEx_OBGetConfig
                0x00000000       0x40 Drivers\STM32F3xx_HAL_Driver\Src\stm32f3xx_hal_flash_ex.o
 .text.HAL_FLASHEx_OBGetUserData
                0x00000000       0x38 Drivers\STM32F3xx_HAL_Driver\Src\stm32f3xx_hal_flash_ex.o
 .text.FLASH_PageErase
                0x00000000       0x24 Drivers\STM32F3xx_HAL_Driver\Src\stm32f3xx_hal_flash_ex.o
 .text.HAL_FLASHEx_Erase
                0x00000000       0x9c Drivers\STM32F3xx_HAL_Driver\Src\stm32f3xx_hal_flash_ex.o
 .text.HAL_FLASHEx_Erase_IT
                0x00000000       0x54 Drivers\STM32F3xx_HAL_Driver\Src\stm32f3xx_hal_flash_ex.o
 .comment       0x00000000       0x7d Drivers\STM32F3xx_HAL_Driver\Src\stm32f3xx_hal_flash_ex.o
 .ARM.attributes
                0x00000000       0x39 Drivers\STM32F3xx_HAL_Driver\Src\stm32f3xx_hal_flash_ex.o
 .text          0x00000000        0x0 Drivers\STM32F3xx_HAL_Driver\Src\stm32f3xx_hal_gpio.o
 .data          0x00000000        0x0 Drivers\STM32F3xx_HAL_Driver\Src\stm32f3xx_hal_gpio.o
 .bss           0x00000000        0x0 Drivers\STM32F3xx_HAL_Driver\Src\stm32f3xx_hal_gpio.o
 .text.HAL_GPIO_DeInit
                0x00000000      0x11c Drivers\STM32F3xx_HAL_Driver\Src\stm32f3xx_hal_gpio.o
 .text.HAL_GPIO_ReadPin
                0x00000000        0xc Drivers\STM32F3xx_HAL_Driver\Src\stm32f3xx_hal_gpio.o
 .text.HAL_GPIO_TogglePin
                0x00000000        0x8 Drivers\STM32F3xx_HAL_Driver\Src\stm32f3xx_hal_gpio.o
 .text.HAL_GPIO_LockPin
                0x00000000       0x2a Drivers\STM32F3xx_HAL_Driver\Src\stm32f3xx_hal_gpio.o
 .text.HAL_GPIO_EXTI_Callback
                0x00000000        0x2 Drivers\STM32F3xx_HAL_Driver\Src\stm32f3xx_hal_gpio.o
 .text.HAL_GPIO_EXTI_IRQHandler
                0x00000000       0x18 Drivers\STM32F3xx_HAL_Driver\Src\stm32f3xx_hal_gpio.o
 .text          0x00000000        0x0 Drivers\STM32F3xx_HAL_Driver\Src\stm32f3xx_hal_i2c.o
 .data          0x00000000        0x0 Drivers\STM32F3xx_HAL_Driver\Src\stm32f3xx_hal_i2c.o
 .bss           0x00000000        0x0 Drivers\STM32F3xx_HAL_Driver\Src\stm32f3xx_hal_i2c.o
 .text.I2C_Flush_TXDR
                0x00000000       0x1c Drivers\STM32F3xx_HAL_Driver\Src\stm32f3xx_hal_i2c.o
 .text.I2C_DMASlaveReceiveCplt
                0x00000000        0x2 Drivers\STM32F3xx_HAL_Driver\Src\stm32f3xx_hal_i2c.o
 .text.I2C_TransferConfig
                0x00000000       0x2a Drivers\STM32F3xx_HAL_Driver\Src\stm32f3xx_hal_i2c.o
 .text.I2C_Enable_IRQ
                0x00000000       0x6c Drivers\STM32F3xx_HAL_Driver\Src\stm32f3xx_hal_i2c.o
 .text.I2C_Disable_IRQ
                0x00000000       0x5c Drivers\STM32F3xx_HAL_Driver\Src\stm32f3xx_hal_i2c.o
 .text.I2C_WaitOnFlagUntilTimeout
                0x00000000       0x4e Drivers\STM32F3xx_HAL_Driver\Src\stm32f3xx_hal_i2c.o
 .text.I2C_DMAMasterTransmitCplt
                0x00000000       0x42 Drivers\STM32F3xx_HAL_Driver\Src\stm32f3xx_hal_i2c.o
 .text.I2C_DMAMasterReceiveCplt
                0x00000000       0x42 Drivers\STM32F3xx_HAL_Driver\Src\stm32f3xx_hal_i2c.o
 .text.I2C_IsAcknowledgeFailed
                0x00000000       0x7a Drivers\STM32F3xx_HAL_Driver\Src\stm32f3xx_hal_i2c.o
 .text.I2C_WaitOnTXISFlagUntilTimeout
                0x00000000       0x52 Drivers\STM32F3xx_HAL_Driver\Src\stm32f3xx_hal_i2c.o
 .text.I2C_RequestMemoryWrite
                0x00000000       0x68 Drivers\STM32F3xx_HAL_Driver\Src\stm32f3xx_hal_i2c.o
 .text.I2C_RequestMemoryRead
                0x00000000       0x66 Drivers\STM32F3xx_HAL_Driver\Src\stm32f3xx_hal_i2c.o
 .text.I2C_WaitOnRXNEFlagUntilTimeout
                0x00000000       0x78 Drivers\STM32F3xx_HAL_Driver\Src\stm32f3xx_hal_i2c.o
 .text.I2C_DMASlaveTransmitCplt
                0x00000000        0x2 Drivers\STM32F3xx_HAL_Driver\Src\stm32f3xx_hal_i2c.o
 .text.I2C_WaitOnSTOPFlagUntilTimeout
                0x00000000       0x4e Drivers\STM32F3xx_HAL_Driver\Src\stm32f3xx_hal_i2c.o
 .text.HAL_I2C_MspInit
                0x00000000        0x2 Drivers\STM32F3xx_HAL_Driver\Src\stm32f3xx_hal_i2c.o
 .text.HAL_I2C_Init
                0x00000000       0xa2 Drivers\STM32F3xx_HAL_Driver\Src\stm32f3xx_hal_i2c.o
 .text.HAL_I2C_MspDeInit
                0x00000000        0x2 Drivers\STM32F3xx_HAL_Driver\Src\stm32f3xx_hal_i2c.o
 .text.HAL_I2C_DeInit
                0x00000000       0x32 Drivers\STM32F3xx_HAL_Driver\Src\stm32f3xx_hal_i2c.o
 .text.HAL_I2C_Master_Transmit
                0x00000000      0x132 Drivers\STM32F3xx_HAL_Driver\Src\stm32f3xx_hal_i2c.o
 .text.HAL_I2C_Master_Receive
                0x00000000      0x132 Drivers\STM32F3xx_HAL_Driver\Src\stm32f3xx_hal_i2c.o
 .text.HAL_I2C_Slave_Transmit
                0x00000000      0x13c Drivers\STM32F3xx_HAL_Driver\Src\stm32f3xx_hal_i2c.o
 .text.HAL_I2C_Slave_Receive
                0x00000000      0x13a Drivers\STM32F3xx_HAL_Driver\Src\stm32f3xx_hal_i2c.o
 .text.HAL_I2C_Master_Transmit_IT
                0x00000000       0x88 Drivers\STM32F3xx_HAL_Driver\Src\stm32f3xx_hal_i2c.o
 .text.HAL_I2C_Master_Receive_IT
                0x00000000       0x88 Drivers\STM32F3xx_HAL_Driver\Src\stm32f3xx_hal_i2c.o
 .text.HAL_I2C_Slave_Transmit_IT
                0x00000000       0x58 Drivers\STM32F3xx_HAL_Driver\Src\stm32f3xx_hal_i2c.o
 .text.HAL_I2C_Slave_Receive_IT
                0x00000000       0x58 Drivers\STM32F3xx_HAL_Driver\Src\stm32f3xx_hal_i2c.o
 .text.HAL_I2C_Master_Transmit_DMA
                0x00000000       0xf8 Drivers\STM32F3xx_HAL_Driver\Src\stm32f3xx_hal_i2c.o
 .text.HAL_I2C_Master_Receive_DMA
                0x00000000       0xf4 Drivers\STM32F3xx_HAL_Driver\Src\stm32f3xx_hal_i2c.o
 .text.HAL_I2C_Slave_Transmit_DMA
                0x00000000       0x98 Drivers\STM32F3xx_HAL_Driver\Src\stm32f3xx_hal_i2c.o
 .text.HAL_I2C_Slave_Receive_DMA
                0x00000000       0x9c Drivers\STM32F3xx_HAL_Driver\Src\stm32f3xx_hal_i2c.o
 .text.HAL_I2C_Mem_Write
                0x00000000      0x170 Drivers\STM32F3xx_HAL_Driver\Src\stm32f3xx_hal_i2c.o
 .text.HAL_I2C_Mem_Read
                0x00000000      0x17c Drivers\STM32F3xx_HAL_Driver\Src\stm32f3xx_hal_i2c.o
 .text.HAL_I2C_Mem_Write_IT
                0x00000000       0xd8 Drivers\STM32F3xx_HAL_Driver\Src\stm32f3xx_hal_i2c.o
 .text.HAL_I2C_Mem_Read_IT
                0x00000000       0xdc Drivers\STM32F3xx_HAL_Driver\Src\stm32f3xx_hal_i2c.o
 .text.HAL_I2C_Mem_Write_DMA
                0x00000000      0x10c Drivers\STM32F3xx_HAL_Driver\Src\stm32f3xx_hal_i2c.o
 .text.HAL_I2C_Mem_Read_DMA
                0x00000000      0x110 Drivers\STM32F3xx_HAL_Driver\Src\stm32f3xx_hal_i2c.o
 .text.HAL_I2C_IsDeviceReady
                0x00000000      0x114 Drivers\STM32F3xx_HAL_Driver\Src\stm32f3xx_hal_i2c.o
 .text.HAL_I2C_Master_Sequential_Transmit_IT
                0x00000000       0x84 Drivers\STM32F3xx_HAL_Driver\Src\stm32f3xx_hal_i2c.o
 .text.HAL_I2C_Master_Sequential_Receive_IT
                0x00000000       0x84 Drivers\STM32F3xx_HAL_Driver\Src\stm32f3xx_hal_i2c.o
 .text.HAL_I2C_Slave_Sequential_Transmit_IT
                0x00000000       0x90 Drivers\STM32F3xx_HAL_Driver\Src\stm32f3xx_hal_i2c.o
 .text.HAL_I2C_Slave_Sequential_Receive_IT
                0x00000000       0x90 Drivers\STM32F3xx_HAL_Driver\Src\stm32f3xx_hal_i2c.o
 .text.HAL_I2C_EnableListen_IT
                0x00000000       0x28 Drivers\STM32F3xx_HAL_Driver\Src\stm32f3xx_hal_i2c.o
 .text.HAL_I2C_DisableListen_IT
                0x00000000       0x36 Drivers\STM32F3xx_HAL_Driver\Src\stm32f3xx_hal_i2c.o
 .text.HAL_I2C_Master_Abort_IT
                0x00000000       0x60 Drivers\STM32F3xx_HAL_Driver\Src\stm32f3xx_hal_i2c.o
 .text.HAL_I2C_EV_IRQHandler
                0x00000000        0xe Drivers\STM32F3xx_HAL_Driver\Src\stm32f3xx_hal_i2c.o
 .text.HAL_I2C_MasterTxCpltCallback
                0x00000000        0x2 Drivers\STM32F3xx_HAL_Driver\Src\stm32f3xx_hal_i2c.o
 .text.HAL_I2C_MasterRxCpltCallback
                0x00000000        0x2 Drivers\STM32F3xx_HAL_Driver\Src\stm32f3xx_hal_i2c.o
 .text.I2C_ITMasterSequentialCplt
                0x00000000       0x4a Drivers\STM32F3xx_HAL_Driver\Src\stm32f3xx_hal_i2c.o
 .text.HAL_I2C_SlaveTxCpltCallback
                0x00000000        0x2 Drivers\STM32F3xx_HAL_Driver\Src\stm32f3xx_hal_i2c.o
 .text.HAL_I2C_SlaveRxCpltCallback
                0x00000000        0x2 Drivers\STM32F3xx_HAL_Driver\Src\stm32f3xx_hal_i2c.o
 .text.I2C_ITSlaveSequentialCplt
                0x00000000       0x52 Drivers\STM32F3xx_HAL_Driver\Src\stm32f3xx_hal_i2c.o
 .text.HAL_I2C_AddrCallback
                0x00000000        0x2 Drivers\STM32F3xx_HAL_Driver\Src\stm32f3xx_hal_i2c.o
 .text.HAL_I2C_ListenCpltCallback
                0x00000000        0x2 Drivers\STM32F3xx_HAL_Driver\Src\stm32f3xx_hal_i2c.o
 .text.I2C_ITListenCplt
                0x00000000       0x60 Drivers\STM32F3xx_HAL_Driver\Src\stm32f3xx_hal_i2c.o
 .text.HAL_I2C_MemTxCpltCallback
                0x00000000        0x2 Drivers\STM32F3xx_HAL_Driver\Src\stm32f3xx_hal_i2c.o
 .text.HAL_I2C_MemRxCpltCallback
                0x00000000        0x2 Drivers\STM32F3xx_HAL_Driver\Src\stm32f3xx_hal_i2c.o
 .text.HAL_I2C_ErrorCallback
                0x00000000        0x2 Drivers\STM32F3xx_HAL_Driver\Src\stm32f3xx_hal_i2c.o
 .text.HAL_I2C_AbortCpltCallback
                0x00000000        0x2 Drivers\STM32F3xx_HAL_Driver\Src\stm32f3xx_hal_i2c.o
 .text.I2C_ITError
                0x00000000       0xe4 Drivers\STM32F3xx_HAL_Driver\Src\stm32f3xx_hal_i2c.o
 .text.I2C_ITSlaveCplt
                0x00000000      0x100 Drivers\STM32F3xx_HAL_Driver\Src\stm32f3xx_hal_i2c.o
 .text.I2C_Slave_ISR_IT
                0x00000000      0x1b0 Drivers\STM32F3xx_HAL_Driver\Src\stm32f3xx_hal_i2c.o
 .text.I2C_Slave_ISR_DMA
                0x00000000       0x6e Drivers\STM32F3xx_HAL_Driver\Src\stm32f3xx_hal_i2c.o
 .text.I2C_ITMasterCplt
                0x00000000       0xb8 Drivers\STM32F3xx_HAL_Driver\Src\stm32f3xx_hal_i2c.o
 .text.I2C_Master_ISR_IT
                0x00000000      0x11e Drivers\STM32F3xx_HAL_Driver\Src\stm32f3xx_hal_i2c.o
 .text.I2C_Master_ISR_DMA
                0x00000000       0xc6 Drivers\STM32F3xx_HAL_Driver\Src\stm32f3xx_hal_i2c.o
 .text.I2C_DMAError
                0x00000000       0x12 Drivers\STM32F3xx_HAL_Driver\Src\stm32f3xx_hal_i2c.o
 .text.HAL_I2C_ER_IRQHandler
                0x00000000       0x62 Drivers\STM32F3xx_HAL_Driver\Src\stm32f3xx_hal_i2c.o
 .text.I2C_DMAAbort
                0x00000000       0x32 Drivers\STM32F3xx_HAL_Driver\Src\stm32f3xx_hal_i2c.o
 .text.HAL_I2C_GetState
                0x00000000        0x6 Drivers\STM32F3xx_HAL_Driver\Src\stm32f3xx_hal_i2c.o
 .text.HAL_I2C_GetMode
                0x00000000        0x6 Drivers\STM32F3xx_HAL_Driver\Src\stm32f3xx_hal_i2c.o
 .text.HAL_I2C_GetError
                0x00000000        0x4 Drivers\STM32F3xx_HAL_Driver\Src\stm32f3xx_hal_i2c.o
 .comment       0x00000000       0x7d Drivers\STM32F3xx_HAL_Driver\Src\stm32f3xx_hal_i2c.o
 .ARM.attributes
                0x00000000       0x39 Drivers\STM32F3xx_HAL_Driver\Src\stm32f3xx_hal_i2c.o
 .text          0x00000000        0x0 Drivers\STM32F3xx_HAL_Driver\Src\stm32f3xx_hal_i2c_ex.o
 .data          0x00000000        0x0 Drivers\STM32F3xx_HAL_Driver\Src\stm32f3xx_hal_i2c_ex.o
 .bss           0x00000000        0x0 Drivers\STM32F3xx_HAL_Driver\Src\stm32f3xx_hal_i2c_ex.o
 .text.HAL_I2CEx_ConfigAnalogFilter
                0x00000000       0x4c Drivers\STM32F3xx_HAL_Driver\Src\stm32f3xx_hal_i2c_ex.o
 .text.HAL_I2CEx_ConfigDigitalFilter
                0x00000000       0x4a Drivers\STM32F3xx_HAL_Driver\Src\stm32f3xx_hal_i2c_ex.o
 .text.HAL_I2CEx_EnableWakeUp
                0x00000000       0x44 Drivers\STM32F3xx_HAL_Driver\Src\stm32f3xx_hal_i2c_ex.o
 .text.HAL_I2CEx_DisableWakeUp
                0x00000000       0x44 Drivers\STM32F3xx_HAL_Driver\Src\stm32f3xx_hal_i2c_ex.o
 .text.HAL_I2CEx_EnableFastModePlus
                0x00000000       0x2c Drivers\STM32F3xx_HAL_Driver\Src\stm32f3xx_hal_i2c_ex.o
 .text.HAL_I2CEx_DisableFastModePlus
                0x00000000       0x2c Drivers\STM32F3xx_HAL_Driver\Src\stm32f3xx_hal_i2c_ex.o
 .comment       0x00000000       0x7d Drivers\STM32F3xx_HAL_Driver\Src\stm32f3xx_hal_i2c_ex.o
 .ARM.attributes
                0x00000000       0x39 Drivers\STM32F3xx_HAL_Driver\Src\stm32f3xx_hal_i2c_ex.o
 .text          0x00000000        0x0 Drivers\STM32F3xx_HAL_Driver\Src\stm32f3xx_hal_pcd.o
 .data          0x00000000        0x0 Drivers\STM32F3xx_HAL_Driver\Src\stm32f3xx_hal_pcd.o
 .bss           0x00000000        0x0 Drivers\STM32F3xx_HAL_Driver\Src\stm32f3xx_hal_pcd.o
 .text.HAL_PCD_MspInit
                0x00000000        0x2 Drivers\STM32F3xx_HAL_Driver\Src\stm32f3xx_hal_pcd.o
 .text.HAL_PCD_Init
                0x00000000       0xa8 Drivers\STM32F3xx_HAL_Driver\Src\stm32f3xx_hal_pcd.o
 .text.HAL_PCD_MspDeInit
                0x00000000        0x2 Drivers\STM32F3xx_HAL_Driver\Src\stm32f3xx_hal_pcd.o
 .text.HAL_PCD_Start
                0x00000000        0xc Drivers\STM32F3xx_HAL_Driver\Src\stm32f3xx_hal_pcd.o
 .text.HAL_PCD_Stop
                0x00000000       0x28 Drivers\STM32F3xx_HAL_Driver\Src\stm32f3xx_hal_pcd.o
 .text.HAL_PCD_DeInit
                0x00000000       0x22 Drivers\STM32F3xx_HAL_Driver\Src\stm32f3xx_hal_pcd.o
 .text.HAL_PCD_DataOutStageCallback
                0x00000000        0x2 Drivers\STM32F3xx_HAL_Driver\Src\stm32f3xx_hal_pcd.o
 .text.HAL_PCD_DataInStageCallback
                0x00000000        0x2 Drivers\STM32F3xx_HAL_Driver\Src\stm32f3xx_hal_pcd.o
 .text.HAL_PCD_SetupStageCallback
                0x00000000        0x2 Drivers\STM32F3xx_HAL_Driver\Src\stm32f3xx_hal_pcd.o
 .text.HAL_PCD_SOFCallback
                0x00000000        0x2 Drivers\STM32F3xx_HAL_Driver\Src\stm32f3xx_hal_pcd.o
 .text.HAL_PCD_ResetCallback
                0x00000000        0x2 Drivers\STM32F3xx_HAL_Driver\Src\stm32f3xx_hal_pcd.o
 .text.HAL_PCD_SuspendCallback
                0x00000000        0x2 Drivers\STM32F3xx_HAL_Driver\Src\stm32f3xx_hal_pcd.o
 .text.HAL_PCD_ResumeCallback
                0x00000000        0x2 Drivers\STM32F3xx_HAL_Driver\Src\stm32f3xx_hal_pcd.o
 .text.HAL_PCD_ISOOUTIncompleteCallback
                0x00000000        0x2 Drivers\STM32F3xx_HAL_Driver\Src\stm32f3xx_hal_pcd.o
 .text.HAL_PCD_ISOINIncompleteCallback
                0x00000000        0x2 Drivers\STM32F3xx_HAL_Driver\Src\stm32f3xx_hal_pcd.o
 .text.HAL_PCD_ConnectCallback
                0x00000000        0x2 Drivers\STM32F3xx_HAL_Driver\Src\stm32f3xx_hal_pcd.o
 .text.HAL_PCD_DisconnectCallback
                0x00000000        0x2 Drivers\STM32F3xx_HAL_Driver\Src\stm32f3xx_hal_pcd.o
 .text.HAL_PCD_DevConnect
                0x00000000       0x22 Drivers\STM32F3xx_HAL_Driver\Src\stm32f3xx_hal_pcd.o
 .text.HAL_PCD_DevDisconnect
                0x00000000       0x24 Drivers\STM32F3xx_HAL_Driver\Src\stm32f3xx_hal_pcd.o
 .text.HAL_PCD_SetAddress
                0x00000000       0x2c Drivers\STM32F3xx_HAL_Driver\Src\stm32f3xx_hal_pcd.o
 .text.HAL_PCD_EP_Open
                0x00000000      0x2f8 Drivers\STM32F3xx_HAL_Driver\Src\stm32f3xx_hal_pcd.o
 .text.HAL_PCD_EP_Close
                0x00000000      0x1b0 Drivers\STM32F3xx_HAL_Driver\Src\stm32f3xx_hal_pcd.o
 .text.HAL_PCD_EP_Receive
                0x00000000       0xd4 Drivers\STM32F3xx_HAL_Driver\Src\stm32f3xx_hal_pcd.o
 .text.HAL_PCD_EP_GetRxCount
                0x00000000       0x10 Drivers\STM32F3xx_HAL_Driver\Src\stm32f3xx_hal_pcd.o
 .text.HAL_PCD_EP_Transmit
                0x00000000       0xf4 Drivers\STM32F3xx_HAL_Driver\Src\stm32f3xx_hal_pcd.o
 .text.HAL_PCD_IRQHandler
                0x00000000      0x470 Drivers\STM32F3xx_HAL_Driver\Src\stm32f3xx_hal_pcd.o
 .text.HAL_PCD_EP_SetStall
                0x00000000       0x9a Drivers\STM32F3xx_HAL_Driver\Src\stm32f3xx_hal_pcd.o
 .text.HAL_PCD_EP_ClrStall
                0x00000000       0xc0 Drivers\STM32F3xx_HAL_Driver\Src\stm32f3xx_hal_pcd.o
 .text.HAL_PCD_EP_Flush
                0x00000000        0x4 Drivers\STM32F3xx_HAL_Driver\Src\stm32f3xx_hal_pcd.o
 .text.HAL_PCD_ActivateRemoteWakeup
                0x00000000       0x14 Drivers\STM32F3xx_HAL_Driver\Src\stm32f3xx_hal_pcd.o
 .text.HAL_PCD_DeActivateRemoteWakeup
                0x00000000       0x16 Drivers\STM32F3xx_HAL_Driver\Src\stm32f3xx_hal_pcd.o
 .text.HAL_PCD_GetState
                0x00000000        0x6 Drivers\STM32F3xx_HAL_Driver\Src\stm32f3xx_hal_pcd.o
 .comment       0x00000000       0x7d Drivers\STM32F3xx_HAL_Driver\Src\stm32f3xx_hal_pcd.o
 .ARM.attributes
                0x00000000       0x39 Drivers\STM32F3xx_HAL_Driver\Src\stm32f3xx_hal_pcd.o
 .text          0x00000000        0x0 Drivers\STM32F3xx_HAL_Driver\Src\stm32f3xx_hal_pcd_ex.o
 .data          0x00000000        0x0 Drivers\STM32F3xx_HAL_Driver\Src\stm32f3xx_hal_pcd_ex.o
 .bss           0x00000000        0x0 Drivers\STM32F3xx_HAL_Driver\Src\stm32f3xx_hal_pcd_ex.o
 .text.HAL_PCDEx_PMAConfig
                0x00000000       0x36 Drivers\STM32F3xx_HAL_Driver\Src\stm32f3xx_hal_pcd_ex.o
 .text.PCD_WritePMA
                0x00000000       0x24 Drivers\STM32F3xx_HAL_Driver\Src\stm32f3xx_hal_pcd_ex.o
 .text.PCD_ReadPMA
                0x00000000       0x34 Drivers\STM32F3xx_HAL_Driver\Src\stm32f3xx_hal_pcd_ex.o
 .text.HAL_PCDEx_SetConnectionState
                0x00000000        0x2 Drivers\STM32F3xx_HAL_Driver\Src\stm32f3xx_hal_pcd_ex.o
 .comment       0x00000000       0x7d Drivers\STM32F3xx_HAL_Driver\Src\stm32f3xx_hal_pcd_ex.o
 .ARM.attributes
                0x00000000       0x39 Drivers\STM32F3xx_HAL_Driver\Src\stm32f3xx_hal_pcd_ex.o
 .text          0x00000000        0x0 Drivers\STM32F3xx_HAL_Driver\Src\stm32f3xx_hal_pwr.o
 .data          0x00000000        0x0 Drivers\STM32F3xx_HAL_Driver\Src\stm32f3xx_hal_pwr.o
 .bss           0x00000000        0x0 Drivers\STM32F3xx_HAL_Driver\Src\stm32f3xx_hal_pwr.o
 .text.HAL_PWR_DeInit
                0x00000000       0x18 Drivers\STM32F3xx_HAL_Driver\Src\stm32f3xx_hal_pwr.o
 .text.HAL_PWR_EnableBkUpAccess
                0x00000000       0x10 Drivers\STM32F3xx_HAL_Driver\Src\stm32f3xx_hal_pwr.o
 .text.HAL_PWR_DisableBkUpAccess
                0x00000000       0x10 Drivers\STM32F3xx_HAL_Driver\Src\stm32f3xx_hal_pwr.o
 .text.HAL_PWR_EnableWakeUpPin
                0x00000000       0x10 Drivers\STM32F3xx_HAL_Driver\Src\stm32f3xx_hal_pwr.o
 .text.HAL_PWR_DisableWakeUpPin
                0x00000000       0x10 Drivers\STM32F3xx_HAL_Driver\Src\stm32f3xx_hal_pwr.o
 .text.HAL_PWR_EnterSLEEPMode
                0x00000000       0x20 Drivers\STM32F3xx_HAL_Driver\Src\stm32f3xx_hal_pwr.o
 .text.HAL_PWR_EnterSTOPMode
                0x00000000       0x38 Drivers\STM32F3xx_HAL_Driver\Src\stm32f3xx_hal_pwr.o
 .text.HAL_PWR_EnterSTANDBYMode
                0x00000000       0x20 Drivers\STM32F3xx_HAL_Driver\Src\stm32f3xx_hal_pwr.o
 .text.HAL_PWR_EnableSleepOnExit
                0x00000000       0x10 Drivers\STM32F3xx_HAL_Driver\Src\stm32f3xx_hal_pwr.o
 .text.HAL_PWR_DisableSleepOnExit
                0x00000000       0x10 Drivers\STM32F3xx_HAL_Driver\Src\stm32f3xx_hal_pwr.o
 .text.HAL_PWR_EnableSEVOnPend
                0x00000000       0x10 Drivers\STM32F3xx_HAL_Driver\Src\stm32f3xx_hal_pwr.o
 .text.HAL_PWR_DisableSEVOnPend
                0x00000000       0x10 Drivers\STM32F3xx_HAL_Driver\Src\stm32f3xx_hal_pwr.o
 .comment       0x00000000       0x7d Drivers\STM32F3xx_HAL_Driver\Src\stm32f3xx_hal_pwr.o
 .ARM.attributes
                0x00000000       0x39 Drivers\STM32F3xx_HAL_Driver\Src\stm32f3xx_hal_pwr.o
 .text          0x00000000        0x0 Drivers\STM32F3xx_HAL_Driver\Src\stm32f3xx_hal_pwr_ex.o
 .data          0x00000000        0x0 Drivers\STM32F3xx_HAL_Driver\Src\stm32f3xx_hal_pwr_ex.o
 .bss           0x00000000        0x0 Drivers\STM32F3xx_HAL_Driver\Src\stm32f3xx_hal_pwr_ex.o
 .text.HAL_PWR_ConfigPVD
                0x00000000       0x6c Drivers\STM32F3xx_HAL_Driver\Src\stm32f3xx_hal_pwr_ex.o
 .text.HAL_PWR_EnablePVD
                0x00000000       0x10 Drivers\STM32F3xx_HAL_Driver\Src\stm32f3xx_hal_pwr_ex.o
 .text.HAL_PWR_DisablePVD
                0x00000000       0x10 Drivers\STM32F3xx_HAL_Driver\Src\stm32f3xx_hal_pwr_ex.o
 .text.HAL_PWR_PVDCallback
                0x00000000        0x2 Drivers\STM32F3xx_HAL_Driver\Src\stm32f3xx_hal_pwr_ex.o
 .text.HAL_PWR_PVD_IRQHandler
                0x00000000       0x1c Drivers\STM32F3xx_HAL_Driver\Src\stm32f3xx_hal_pwr_ex.o
 .comment       0x00000000       0x7d Drivers\STM32F3xx_HAL_Driver\Src\stm32f3xx_hal_pwr_ex.o
 .ARM.attributes
                0x00000000       0x39 Drivers\STM32F3xx_HAL_Driver\Src\stm32f3xx_hal_pwr_ex.o
 .text          0x00000000        0x0 Drivers\STM32F3xx_HAL_Driver\Src\stm32f3xx_hal_rcc.o
 .data          0x00000000        0x0 Drivers\STM32F3xx_HAL_Driver\Src\stm32f3xx_hal_rcc.o
 .bss           0x00000000        0x0 Drivers\STM32F3xx_HAL_Driver\Src\stm32f3xx_hal_rcc.o
 .text.HAL_RCC_DeInit
                0x00000000       0x48 Drivers\STM32F3xx_HAL_Driver\Src\stm32f3xx_hal_rcc.o
 .text.HAL_RCC_MCOConfig
                0x00000000       0x50 Drivers\STM32F3xx_HAL_Driver\Src\stm32f3xx_hal_rcc.o
 .text.HAL_RCC_EnableCSS
                0x00000000       0x1c Drivers\STM32F3xx_HAL_Driver\Src\stm32f3xx_hal_rcc.o
 .text.HAL_RCC_DisableCSS
                0x00000000       0x1c Drivers\STM32F3xx_HAL_Driver\Src\stm32f3xx_hal_rcc.o
 .text.HAL_RCC_GetPCLK1Freq
                0x00000000       0x30 Drivers\STM32F3xx_HAL_Driver\Src\stm32f3xx_hal_rcc.o
 .text.HAL_RCC_GetPCLK2Freq
                0x00000000       0x30 Drivers\STM32F3xx_HAL_Driver\Src\stm32f3xx_hal_rcc.o
 .text.HAL_RCC_GetOscConfig
                0x00000000       0x8c Drivers\STM32F3xx_HAL_Driver\Src\stm32f3xx_hal_rcc.o
 .text.HAL_RCC_GetClockConfig
                0x00000000       0x3c Drivers\STM32F3xx_HAL_Driver\Src\stm32f3xx_hal_rcc.o
 .text.HAL_RCC_CSSCallback
                0x00000000        0x2 Drivers\STM32F3xx_HAL_Driver\Src\stm32f3xx_hal_rcc.o
 .text.HAL_RCC_NMI_IRQHandler
                0x00000000       0x20 Drivers\STM32F3xx_HAL_Driver\Src\stm32f3xx_hal_rcc.o
 .text          0x00000000        0x0 Drivers\STM32F3xx_HAL_Driver\Src\stm32f3xx_hal_rcc_ex.o
 .data          0x00000000        0x0 Drivers\STM32F3xx_HAL_Driver\Src\stm32f3xx_hal_rcc_ex.o
 .bss           0x00000000        0x0 Drivers\STM32F3xx_HAL_Driver\Src\stm32f3xx_hal_rcc_ex.o
 .text.RCC_GetPLLCLKFreq
                0x00000000       0x28 Drivers\STM32F3xx_HAL_Driver\Src\stm32f3xx_hal_rcc_ex.o
 .text.HAL_RCCEx_GetPeriphCLKConfig
                0x00000000       0xb8 Drivers\STM32F3xx_HAL_Driver\Src\stm32f3xx_hal_rcc_ex.o
 .text.HAL_RCCEx_GetPeriphCLKFreq
                0x00000000      0x304 Drivers\STM32F3xx_HAL_Driver\Src\stm32f3xx_hal_rcc_ex.o
 .rodata        0x00000000       0x20 Drivers\STM32F3xx_HAL_Driver\Src\stm32f3xx_hal_rcc_ex.o
 .text          0x00000000        0x0 Drivers\STM32F3xx_HAL_Driver\Src\stm32f3xx_hal_spi.o
 .data          0x00000000        0x0 Drivers\STM32F3xx_HAL_Driver\Src\stm32f3xx_hal_spi.o
 .bss           0x00000000        0x0 Drivers\STM32F3xx_HAL_Driver\Src\stm32f3xx_hal_spi.o
 .text.SPI_WaitFifoStateUntilTimeout.part.1
                0x00000000       0x50 Drivers\STM32F3xx_HAL_Driver\Src\stm32f3xx_hal_spi.o
 .text.SPI_WaitFlagStateUntilTimeout.constprop.10
                0x00000000       0x30 Drivers\STM32F3xx_HAL_Driver\Src\stm32f3xx_hal_spi.o
 .text.SPI_WaitFifoStateUntilTimeout.constprop.11
                0x00000000       0x40 Drivers\STM32F3xx_HAL_Driver\Src\stm32f3xx_hal_spi.o
 .text.SPI_AbortRx_ISR
                0x00000000       0x7c Drivers\STM32F3xx_HAL_Driver\Src\stm32f3xx_hal_spi.o
 .text.SPI_EndRxTxTransaction
                0x00000000       0x44 Drivers\STM32F3xx_HAL_Driver\Src\stm32f3xx_hal_spi.o
 .text.SPI_AbortTx_ISR
                0x00000000       0x7c Drivers\STM32F3xx_HAL_Driver\Src\stm32f3xx_hal_spi.o
 .text.SPI_EndRxTransaction
                0x00000000       0x6e Drivers\STM32F3xx_HAL_Driver\Src\stm32f3xx_hal_spi.o
 .text.HAL_SPI_MspInit
                0x00000000        0x2 Drivers\STM32F3xx_HAL_Driver\Src\stm32f3xx_hal_spi.o
 .text.HAL_SPI_Init
                0x00000000       0xaa Drivers\STM32F3xx_HAL_Driver\Src\stm32f3xx_hal_spi.o
 .text.HAL_SPI_MspDeInit
                0x00000000        0x2 Drivers\STM32F3xx_HAL_Driver\Src\stm32f3xx_hal_spi.o
 .text.HAL_SPI_DeInit
                0x00000000       0x2c Drivers\STM32F3xx_HAL_Driver\Src\stm32f3xx_hal_spi.o
 .text.HAL_SPI_Transmit
                0x00000000      0x17c Drivers\STM32F3xx_HAL_Driver\Src\stm32f3xx_hal_spi.o
 .text.HAL_SPI_TransmitReceive
                0x00000000      0x258 Drivers\STM32F3xx_HAL_Driver\Src\stm32f3xx_hal_spi.o
 .text.HAL_SPI_Receive
                0x00000000      0x152 Drivers\STM32F3xx_HAL_Driver\Src\stm32f3xx_hal_spi.o
 .text.HAL_SPI_Transmit_IT
                0x00000000       0x94 Drivers\STM32F3xx_HAL_Driver\Src\stm32f3xx_hal_spi.o
 .text.HAL_SPI_TransmitReceive_IT
                0x00000000       0xd8 Drivers\STM32F3xx_HAL_Driver\Src\stm32f3xx_hal_spi.o
 .text.HAL_SPI_Receive_IT
                0x00000000       0xc4 Drivers\STM32F3xx_HAL_Driver\Src\stm32f3xx_hal_spi.o
 .text.HAL_SPI_Transmit_DMA
                0x00000000       0xf0 Drivers\STM32F3xx_HAL_Driver\Src\stm32f3xx_hal_spi.o
 .text.HAL_SPI_TransmitReceive_DMA
                0x00000000      0x1a0 Drivers\STM32F3xx_HAL_Driver\Src\stm32f3xx_hal_spi.o
 .text.HAL_SPI_Receive_DMA
                0x00000000      0x130 Drivers\STM32F3xx_HAL_Driver\Src\stm32f3xx_hal_spi.o
 .text.HAL_SPI_Abort
                0x00000000      0x174 Drivers\STM32F3xx_HAL_Driver\Src\stm32f3xx_hal_spi.o
 .text.HAL_SPI_DMAPause
                0x00000000       0x20 Drivers\STM32F3xx_HAL_Driver\Src\stm32f3xx_hal_spi.o
 .text.HAL_SPI_DMAResume
                0x00000000       0x20 Drivers\STM32F3xx_HAL_Driver\Src\stm32f3xx_hal_spi.o
 .text.HAL_SPI_DMAStop
                0x00000000       0x28 Drivers\STM32F3xx_HAL_Driver\Src\stm32f3xx_hal_spi.o
 .text.HAL_SPI_TxCpltCallback
                0x00000000        0x2 Drivers\STM32F3xx_HAL_Driver\Src\stm32f3xx_hal_spi.o
 .text.HAL_SPI_RxCpltCallback
                0x00000000        0x2 Drivers\STM32F3xx_HAL_Driver\Src\stm32f3xx_hal_spi.o
 .text.HAL_SPI_TxRxCpltCallback
                0x00000000        0x2 Drivers\STM32F3xx_HAL_Driver\Src\stm32f3xx_hal_spi.o
 .text.HAL_SPI_TxHalfCpltCallback
                0x00000000        0x2 Drivers\STM32F3xx_HAL_Driver\Src\stm32f3xx_hal_spi.o
 .text.SPI_DMAHalfTransmitCplt
                0x00000000        0xa Drivers\STM32F3xx_HAL_Driver\Src\stm32f3xx_hal_spi.o
 .text.HAL_SPI_RxHalfCpltCallback
                0x00000000        0x2 Drivers\STM32F3xx_HAL_Driver\Src\stm32f3xx_hal_spi.o
 .text.SPI_DMAHalfReceiveCplt
                0x00000000        0xa Drivers\STM32F3xx_HAL_Driver\Src\stm32f3xx_hal_spi.o
 .text.HAL_SPI_TxRxHalfCpltCallback
                0x00000000        0x2 Drivers\STM32F3xx_HAL_Driver\Src\stm32f3xx_hal_spi.o
 .text.SPI_DMAHalfTransmitReceiveCplt
                0x00000000        0xa Drivers\STM32F3xx_HAL_Driver\Src\stm32f3xx_hal_spi.o
 .text.HAL_SPI_ErrorCallback
                0x00000000        0x2 Drivers\STM32F3xx_HAL_Driver\Src\stm32f3xx_hal_spi.o
 .text.SPI_CloseTx_ISR
                0x00000000       0x52 Drivers\STM32F3xx_HAL_Driver\Src\stm32f3xx_hal_spi.o
 .text.SPI_TxISR_8BIT
                0x00000000       0x2a Drivers\STM32F3xx_HAL_Driver\Src\stm32f3xx_hal_spi.o
 .text.SPI_TxISR_16BIT
                0x00000000       0x2a Drivers\STM32F3xx_HAL_Driver\Src\stm32f3xx_hal_spi.o
 .text.SPI_CloseRx_ISR
                0x00000000       0x3e Drivers\STM32F3xx_HAL_Driver\Src\stm32f3xx_hal_spi.o
 .text.SPI_RxISR_8BIT
                0x00000000       0x26 Drivers\STM32F3xx_HAL_Driver\Src\stm32f3xx_hal_spi.o
 .text.SPI_RxISR_16BIT
                0x00000000       0x26 Drivers\STM32F3xx_HAL_Driver\Src\stm32f3xx_hal_spi.o
 .text.SPI_CloseRxTx_ISR
                0x00000000       0x56 Drivers\STM32F3xx_HAL_Driver\Src\stm32f3xx_hal_spi.o
 .text.SPI_2linesTxISR_8BIT
                0x00000000       0x48 Drivers\STM32F3xx_HAL_Driver\Src\stm32f3xx_hal_spi.o
 .text.SPI_2linesRxISR_8BIT
                0x00000000       0x68 Drivers\STM32F3xx_HAL_Driver\Src\stm32f3xx_hal_spi.o
 .text.SPI_2linesTxISR_16BIT
                0x00000000       0x3a Drivers\STM32F3xx_HAL_Driver\Src\stm32f3xx_hal_spi.o
 .text.SPI_2linesRxISR_16BIT
                0x00000000       0x3e Drivers\STM32F3xx_HAL_Driver\Src\stm32f3xx_hal_spi.o
 .text.SPI_DMAError
                0x00000000       0x22 Drivers\STM32F3xx_HAL_Driver\Src\stm32f3xx_hal_spi.o
 .text.SPI_DMATransmitCplt
                0x00000000       0x6a Drivers\STM32F3xx_HAL_Driver\Src\stm32f3xx_hal_spi.o
 .text.SPI_DMAReceiveCplt
                0x00000000       0x54 Drivers\STM32F3xx_HAL_Driver\Src\stm32f3xx_hal_spi.o
 .text.SPI_DMATransmitReceiveCplt
                0x00000000       0x5c Drivers\STM32F3xx_HAL_Driver\Src\stm32f3xx_hal_spi.o
 .text.HAL_SPI_IRQHandler
                0x00000000       0xe8 Drivers\STM32F3xx_HAL_Driver\Src\stm32f3xx_hal_spi.o
 .text.SPI_DMAAbortOnError
                0x00000000       0x12 Drivers\STM32F3xx_HAL_Driver\Src\stm32f3xx_hal_spi.o
 .text.HAL_SPI_AbortCpltCallback
                0x00000000        0x2 Drivers\STM32F3xx_HAL_Driver\Src\stm32f3xx_hal_spi.o
 .text.HAL_SPI_Abort_IT
                0x00000000      0x170 Drivers\STM32F3xx_HAL_Driver\Src\stm32f3xx_hal_spi.o
 .text.SPI_DMARxAbortCallback
                0x00000000       0x86 Drivers\STM32F3xx_HAL_Driver\Src\stm32f3xx_hal_spi.o
 .text.SPI_DMATxAbortCallback
                0x00000000       0x88 Drivers\STM32F3xx_HAL_Driver\Src\stm32f3xx_hal_spi.o
 .text.HAL_SPI_GetState
                0x00000000        0x6 Drivers\STM32F3xx_HAL_Driver\Src\stm32f3xx_hal_spi.o
 .text.HAL_SPI_GetError
                0x00000000        0x4 Drivers\STM32F3xx_HAL_Driver\Src\stm32f3xx_hal_spi.o
 .comment       0x00000000       0x7d Drivers\STM32F3xx_HAL_Driver\Src\stm32f3xx_hal_spi.o
 .ARM.attributes
                0x00000000       0x39 Drivers\STM32F3xx_HAL_Driver\Src\stm32f3xx_hal_spi.o
 .text          0x00000000        0x0 Drivers\STM32F3xx_HAL_Driver\Src\stm32f3xx_hal_spi_ex.o
 .data          0x00000000        0x0 Drivers\STM32F3xx_HAL_Driver\Src\stm32f3xx_hal_spi_ex.o
 .bss           0x00000000        0x0 Drivers\STM32F3xx_HAL_Driver\Src\stm32f3xx_hal_spi_ex.o
 .text.HAL_SPIEx_FlushRxFifo
                0x00000000       0x24 Drivers\STM32F3xx_HAL_Driver\Src\stm32f3xx_hal_spi_ex.o
 .comment       0x00000000       0x7d Drivers\STM32F3xx_HAL_Driver\Src\stm32f3xx_hal_spi_ex.o
 .ARM.attributes
                0x00000000       0x39 Drivers\STM32F3xx_HAL_Driver\Src\stm32f3xx_hal_spi_ex.o
 .text          0x00000000        0x0 Drivers\STM32F3xx_HAL_Driver\Src\stm32f3xx_hal_tim.o
 .data          0x00000000        0x0 Drivers\STM32F3xx_HAL_Driver\Src\stm32f3xx_hal_tim.o
 .bss           0x00000000        0x0 Drivers\STM32F3xx_HAL_Driver\Src\stm32f3xx_hal_tim.o
 .text.HAL_TIM_Base_MspInit
                0x00000000        0x2 Drivers\STM32F3xx_HAL_Driver\Src\stm32f3xx_hal_tim.o
 .text.HAL_TIM_Base_MspDeInit
                0x00000000        0x2 Drivers\STM32F3xx_HAL_Driver\Src\stm32f3xx_hal_tim.o
 .text.HAL_TIM_Base_DeInit
                0x00000000       0x3a Drivers\STM32F3xx_HAL_Driver\Src\stm32f3xx_hal_tim.o
 .text.HAL_TIM_Base_Start
                0x00000000       0x1a Drivers\STM32F3xx_HAL_Driver\Src\stm32f3xx_hal_tim.o
 .text.HAL_TIM_Base_Stop
                0x00000000       0x2e Drivers\STM32F3xx_HAL_Driver\Src\stm32f3xx_hal_tim.o
 .text.HAL_TIM_Base_Start_IT
                0x00000000       0x16 Drivers\STM32F3xx_HAL_Driver\Src\stm32f3xx_hal_tim.o
 .text.HAL_TIM_Base_Stop_IT
                0x00000000       0x2a Drivers\STM32F3xx_HAL_Driver\Src\stm32f3xx_hal_tim.o
 .text.HAL_TIM_Base_Start_DMA
                0x00000000       0x54 Drivers\STM32F3xx_HAL_Driver\Src\stm32f3xx_hal_tim.o
 .text.HAL_TIM_Base_Stop_DMA
                0x00000000       0x30 Drivers\STM32F3xx_HAL_Driver\Src\stm32f3xx_hal_tim.o
 .text.HAL_TIM_OC_MspInit
                0x00000000        0x2 Drivers\STM32F3xx_HAL_Driver\Src\stm32f3xx_hal_tim.o
 .text.HAL_TIM_OC_MspDeInit
                0x00000000        0x2 Drivers\STM32F3xx_HAL_Driver\Src\stm32f3xx_hal_tim.o
 .text.HAL_TIM_OC_DeInit
                0x00000000       0x3a Drivers\STM32F3xx_HAL_Driver\Src\stm32f3xx_hal_tim.o
 .text.HAL_TIM_PWM_MspInit
                0x00000000        0x2 Drivers\STM32F3xx_HAL_Driver\Src\stm32f3xx_hal_tim.o
 .text.HAL_TIM_PWM_MspDeInit
                0x00000000        0x2 Drivers\STM32F3xx_HAL_Driver\Src\stm32f3xx_hal_tim.o
 .text.HAL_TIM_PWM_DeInit
                0x00000000       0x3a Drivers\STM32F3xx_HAL_Driver\Src\stm32f3xx_hal_tim.o
 .text.HAL_TIM_IC_MspInit
                0x00000000        0x2 Drivers\STM32F3xx_HAL_Driver\Src\stm32f3xx_hal_tim.o
 .text.HAL_TIM_IC_MspDeInit
                0x00000000        0x2 Drivers\STM32F3xx_HAL_Driver\Src\stm32f3xx_hal_tim.o
 .text.HAL_TIM_IC_DeInit
                0x00000000       0x3a Drivers\STM32F3xx_HAL_Driver\Src\stm32f3xx_hal_tim.o
 .text.HAL_TIM_OnePulse_MspInit
                0x00000000        0x2 Drivers\STM32F3xx_HAL_Driver\Src\stm32f3xx_hal_tim.o
 .text.HAL_TIM_OnePulse_MspDeInit
                0x00000000        0x2 Drivers\STM32F3xx_HAL_Driver\Src\stm32f3xx_hal_tim.o
 .text.HAL_TIM_OnePulse_DeInit
                0x00000000       0x3a Drivers\STM32F3xx_HAL_Driver\Src\stm32f3xx_hal_tim.o
 .text.HAL_TIM_OnePulse_Start
                0x00000000       0x60 Drivers\STM32F3xx_HAL_Driver\Src\stm32f3xx_hal_tim.o
 .text.HAL_TIM_OnePulse_Stop
                0x00000000       0x88 Drivers\STM32F3xx_HAL_Driver\Src\stm32f3xx_hal_tim.o
 .text.HAL_TIM_OnePulse_Start_IT
                0x00000000       0x70 Drivers\STM32F3xx_HAL_Driver\Src\stm32f3xx_hal_tim.o
 .text.HAL_TIM_OnePulse_Stop_IT
                0x00000000       0x98 Drivers\STM32F3xx_HAL_Driver\Src\stm32f3xx_hal_tim.o
 .text.HAL_TIM_Encoder_MspInit
                0x00000000        0x2 Drivers\STM32F3xx_HAL_Driver\Src\stm32f3xx_hal_tim.o
 .text.HAL_TIM_Encoder_MspDeInit
                0x00000000        0x2 Drivers\STM32F3xx_HAL_Driver\Src\stm32f3xx_hal_tim.o
 .text.HAL_TIM_Encoder_DeInit
                0x00000000       0x3a Drivers\STM32F3xx_HAL_Driver\Src\stm32f3xx_hal_tim.o
 .text.HAL_TIM_Encoder_Start
                0x00000000       0x44 Drivers\STM32F3xx_HAL_Driver\Src\stm32f3xx_hal_tim.o
 .text.HAL_TIM_Encoder_Stop
                0x00000000       0x48 Drivers\STM32F3xx_HAL_Driver\Src\stm32f3xx_hal_tim.o
 .text.HAL_TIM_Encoder_Start_IT
                0x00000000       0x6e Drivers\STM32F3xx_HAL_Driver\Src\stm32f3xx_hal_tim.o
 .text.HAL_TIM_Encoder_Stop_IT
                0x00000000       0x74 Drivers\STM32F3xx_HAL_Driver\Src\stm32f3xx_hal_tim.o
 .text.HAL_TIM_Encoder_Start_DMA
                0x00000000      0x124 Drivers\STM32F3xx_HAL_Driver\Src\stm32f3xx_hal_tim.o
 .text.HAL_TIM_Encoder_Stop_DMA
                0x00000000       0x74 Drivers\STM32F3xx_HAL_Driver\Src\stm32f3xx_hal_tim.o
 .text.HAL_TIM_DMABurst_MultiWriteStart
                0x00000000       0xb4 Drivers\STM32F3xx_HAL_Driver\Src\stm32f3xx_hal_tim.o
 .text.HAL_TIM_DMABurst_WriteStart
                0x00000000       0x14 Drivers\STM32F3xx_HAL_Driver\Src\stm32f3xx_hal_tim.o
 .text.HAL_TIM_DMABurst_MultiReadStart
                0x00000000       0xb4 Drivers\STM32F3xx_HAL_Driver\Src\stm32f3xx_hal_tim.o
 .text.HAL_TIM_DMABurst_ReadStart
                0x00000000       0x14 Drivers\STM32F3xx_HAL_Driver\Src\stm32f3xx_hal_tim.o
 .text.HAL_TIM_DMABurst_ReadStop
                0x00000000       0x5e Drivers\STM32F3xx_HAL_Driver\Src\stm32f3xx_hal_tim.o
 .text.HAL_TIM_DMABurst_WriteStop
                0x00000000        0x4 Drivers\STM32F3xx_HAL_Driver\Src\stm32f3xx_hal_tim.o
 .text.HAL_TIM_GenerateEvent
                0x00000000       0x24 Drivers\STM32F3xx_HAL_Driver\Src\stm32f3xx_hal_tim.o
 .text.HAL_TIM_ConfigTI1Input
                0x00000000       0x10 Drivers\STM32F3xx_HAL_Driver\Src\stm32f3xx_hal_tim.o
 .text.HAL_TIM_ReadCapturedValue
                0x00000000       0x46 Drivers\STM32F3xx_HAL_Driver\Src\stm32f3xx_hal_tim.o
 .text.HAL_TIM_PeriodElapsedCallback
                0x00000000        0x2 Drivers\STM32F3xx_HAL_Driver\Src\stm32f3xx_hal_tim.o
 .text.TIM_DMAPeriodElapsedCplt
                0x00000000       0x10 Drivers\STM32F3xx_HAL_Driver\Src\stm32f3xx_hal_tim.o
 .text.HAL_TIM_OC_DelayElapsedCallback
                0x00000000        0x2 Drivers\STM32F3xx_HAL_Driver\Src\stm32f3xx_hal_tim.o
 .text.HAL_TIM_IC_CaptureCallback
                0x00000000        0x2 Drivers\STM32F3xx_HAL_Driver\Src\stm32f3xx_hal_tim.o
 .text.TIM_DMACaptureCplt
                0x00000000       0x3c Drivers\STM32F3xx_HAL_Driver\Src\stm32f3xx_hal_tim.o
 .text.HAL_TIM_PWM_PulseFinishedCallback
                0x00000000        0x2 Drivers\STM32F3xx_HAL_Driver\Src\stm32f3xx_hal_tim.o
 .text.TIM_DMADelayPulseCplt
                0x00000000       0x3c Drivers\STM32F3xx_HAL_Driver\Src\stm32f3xx_hal_tim.o
 .text.HAL_TIM_TriggerCallback
                0x00000000        0x2 Drivers\STM32F3xx_HAL_Driver\Src\stm32f3xx_hal_tim.o
 .text.HAL_TIM_IRQHandler
                0x00000000      0x160 Drivers\STM32F3xx_HAL_Driver\Src\stm32f3xx_hal_tim.o
 .text.TIM_DMATriggerCplt
                0x00000000       0x10 Drivers\STM32F3xx_HAL_Driver\Src\stm32f3xx_hal_tim.o
 .text.HAL_TIM_ErrorCallback
                0x00000000        0x2 Drivers\STM32F3xx_HAL_Driver\Src\stm32f3xx_hal_tim.o
 .text.TIM_DMAError
                0x00000000       0x10 Drivers\STM32F3xx_HAL_Driver\Src\stm32f3xx_hal_tim.o
 .text.HAL_TIM_Base_GetState
                0x00000000        0x6 Drivers\STM32F3xx_HAL_Driver\Src\stm32f3xx_hal_tim.o
 .text.HAL_TIM_OC_GetState
                0x00000000        0x6 Drivers\STM32F3xx_HAL_Driver\Src\stm32f3xx_hal_tim.o
 .text.HAL_TIM_PWM_GetState
                0x00000000        0x6 Drivers\STM32F3xx_HAL_Driver\Src\stm32f3xx_hal_tim.o
 .text.HAL_TIM_IC_GetState
                0x00000000        0x6 Drivers\STM32F3xx_HAL_Driver\Src\stm32f3xx_hal_tim.o
 .text.HAL_TIM_OnePulse_GetState
                0x00000000        0x6 Drivers\STM32F3xx_HAL_Driver\Src\stm32f3xx_hal_tim.o
 .text.HAL_TIM_Encoder_GetState
                0x00000000        0x6 Drivers\STM32F3xx_HAL_Driver\Src\stm32f3xx_hal_tim.o
 .text.TIM_Base_SetConfig
                0x00000000       0xd4 Drivers\STM32F3xx_HAL_Driver\Src\stm32f3xx_hal_tim.o
 .text.HAL_TIM_Base_Init
                0x00000000       0x34 Drivers\STM32F3xx_HAL_Driver\Src\stm32f3xx_hal_tim.o
 .text.HAL_TIM_OC_Init
                0x00000000       0x34 Drivers\STM32F3xx_HAL_Driver\Src\stm32f3xx_hal_tim.o
 .text.HAL_TIM_PWM_Init
                0x00000000       0x34 Drivers\STM32F3xx_HAL_Driver\Src\stm32f3xx_hal_tim.o
 .text.HAL_TIM_IC_Init
                0x00000000       0x34 Drivers\STM32F3xx_HAL_Driver\Src\stm32f3xx_hal_tim.o
 .text.HAL_TIM_OnePulse_Init
                0x00000000       0x46 Drivers\STM32F3xx_HAL_Driver\Src\stm32f3xx_hal_tim.o
 .text.HAL_TIM_Encoder_Init
                0x00000000       0x96 Drivers\STM32F3xx_HAL_Driver\Src\stm32f3xx_hal_tim.o
 .text.TIM_OC1_SetConfig
                0x00000000       0xa8 Drivers\STM32F3xx_HAL_Driver\Src\stm32f3xx_hal_tim.o
 .text.TIM_OC2_SetConfig
                0x00000000       0x9c Drivers\STM32F3xx_HAL_Driver\Src\stm32f3xx_hal_tim.o
 .text.TIM_OC3_SetConfig
                0x00000000       0x98 Drivers\STM32F3xx_HAL_Driver\Src\stm32f3xx_hal_tim.o
 .text.TIM_OC4_SetConfig
                0x00000000       0x70 Drivers\STM32F3xx_HAL_Driver\Src\stm32f3xx_hal_tim.o
 .text.HAL_TIM_OC_ConfigChannel
                0x00000000       0x5c Drivers\STM32F3xx_HAL_Driver\Src\stm32f3xx_hal_tim.o
 .text.HAL_TIM_PWM_ConfigChannel
                0x00000000       0xc4 Drivers\STM32F3xx_HAL_Driver\Src\stm32f3xx_hal_tim.o
 .text.TIM_TI1_SetConfig
                0x00000000       0x6c Drivers\STM32F3xx_HAL_Driver\Src\stm32f3xx_hal_tim.o
 .text.HAL_TIM_IC_ConfigChannel
                0x00000000      0x110 Drivers\STM32F3xx_HAL_Driver\Src\stm32f3xx_hal_tim.o
 .text.HAL_TIM_OnePulse_ConfigChannel
                0x00000000       0xfa Drivers\STM32F3xx_HAL_Driver\Src\stm32f3xx_hal_tim.o
 .text.TIM_ETR_SetConfig
                0x00000000       0x14 Drivers\STM32F3xx_HAL_Driver\Src\stm32f3xx_hal_tim.o
 .text.HAL_TIM_ConfigOCrefClear
                0x00000000       0xae Drivers\STM32F3xx_HAL_Driver\Src\stm32f3xx_hal_tim.o
 .text.HAL_TIM_ConfigClockSource
                0x00000000      0x16c Drivers\STM32F3xx_HAL_Driver\Src\stm32f3xx_hal_tim.o
 .text.TIM_SlaveTimer_SetConfig
                0x00000000       0xa0 Drivers\STM32F3xx_HAL_Driver\Src\stm32f3xx_hal_tim.o
 .text.HAL_TIM_SlaveConfigSynchronization
                0x00000000       0x40 Drivers\STM32F3xx_HAL_Driver\Src\stm32f3xx_hal_tim.o
 .text.HAL_TIM_SlaveConfigSynchronization_IT
                0x00000000       0x40 Drivers\STM32F3xx_HAL_Driver\Src\stm32f3xx_hal_tim.o
 .text.TIM_CCxChannelCmd
                0x00000000       0x18 Drivers\STM32F3xx_HAL_Driver\Src\stm32f3xx_hal_tim.o
 .text.HAL_TIM_OC_Stop
                0x00000000       0x7c Drivers\STM32F3xx_HAL_Driver\Src\stm32f3xx_hal_tim.o
 .text.HAL_TIM_PWM_Start
                0x00000000       0x54 Drivers\STM32F3xx_HAL_Driver\Src\stm32f3xx_hal_tim.o
 .text.HAL_TIM_OC_Start
                0x00000000        0x4 Drivers\STM32F3xx_HAL_Driver\Src\stm32f3xx_hal_tim.o
 .text.HAL_TIM_PWM_Stop
                0x00000000       0x84 Drivers\STM32F3xx_HAL_Driver\Src\stm32f3xx_hal_tim.o
 .text.HAL_TIM_PWM_Start_IT
                0x00000000       0x94 Drivers\STM32F3xx_HAL_Driver\Src\stm32f3xx_hal_tim.o
 .text.HAL_TIM_OC_Start_IT
                0x00000000        0x4 Drivers\STM32F3xx_HAL_Driver\Src\stm32f3xx_hal_tim.o
 .text.HAL_TIM_PWM_Stop_IT
                0x00000000       0xbc Drivers\STM32F3xx_HAL_Driver\Src\stm32f3xx_hal_tim.o
 .text.HAL_TIM_OC_Stop_IT
                0x00000000        0x4 Drivers\STM32F3xx_HAL_Driver\Src\stm32f3xx_hal_tim.o
 .text.HAL_TIM_PWM_Start_DMA
                0x00000000      0x10c Drivers\STM32F3xx_HAL_Driver\Src\stm32f3xx_hal_tim.o
 .text.HAL_TIM_OC_Start_DMA
                0x00000000        0x4 Drivers\STM32F3xx_HAL_Driver\Src\stm32f3xx_hal_tim.o
 .text.HAL_TIM_PWM_Stop_DMA
                0x00000000       0xc0 Drivers\STM32F3xx_HAL_Driver\Src\stm32f3xx_hal_tim.o
 .text.HAL_TIM_OC_Stop_DMA
                0x00000000        0x4 Drivers\STM32F3xx_HAL_Driver\Src\stm32f3xx_hal_tim.o
 .text.HAL_TIM_IC_Start
                0x00000000       0x1a Drivers\STM32F3xx_HAL_Driver\Src\stm32f3xx_hal_tim.o
 .text.HAL_TIM_IC_Stop
                0x00000000       0x2e Drivers\STM32F3xx_HAL_Driver\Src\stm32f3xx_hal_tim.o
 .text.HAL_TIM_IC_Start_IT
                0x00000000       0x58 Drivers\STM32F3xx_HAL_Driver\Src\stm32f3xx_hal_tim.o
 .text.HAL_TIM_IC_Stop_IT
                0x00000000       0x6c Drivers\STM32F3xx_HAL_Driver\Src\stm32f3xx_hal_tim.o
 .text.HAL_TIM_IC_Start_DMA
                0x00000000       0xcc Drivers\STM32F3xx_HAL_Driver\Src\stm32f3xx_hal_tim.o
 .text.HAL_TIM_IC_Stop_DMA
                0x00000000       0x72 Drivers\STM32F3xx_HAL_Driver\Src\stm32f3xx_hal_tim.o
 .comment       0x00000000       0x7d Drivers\STM32F3xx_HAL_Driver\Src\stm32f3xx_hal_tim.o
 .ARM.attributes
                0x00000000       0x39 Drivers\STM32F3xx_HAL_Driver\Src\stm32f3xx_hal_tim.o
 .text          0x00000000        0x0 Drivers\STM32F3xx_HAL_Driver\Src\stm32f3xx_hal_tim_ex.o
 .data          0x00000000        0x0 Drivers\STM32F3xx_HAL_Driver\Src\stm32f3xx_hal_tim_ex.o
 .bss           0x00000000        0x0 Drivers\STM32F3xx_HAL_Driver\Src\stm32f3xx_hal_tim_ex.o
 .text.TIM_CCxNChannelCmd
                0x00000000       0x18 Drivers\STM32F3xx_HAL_Driver\Src\stm32f3xx_hal_tim_ex.o
 .text.TIM_OC5_SetConfig
                0x00000000       0x70 Drivers\STM32F3xx_HAL_Driver\Src\stm32f3xx_hal_tim_ex.o
 .text.TIM_OC6_SetConfig
                0x00000000       0x70 Drivers\STM32F3xx_HAL_Driver\Src\stm32f3xx_hal_tim_ex.o
 .text.HAL_TIMEx_HallSensor_MspInit
                0x00000000        0x2 Drivers\STM32F3xx_HAL_Driver\Src\stm32f3xx_hal_tim_ex.o
 .text.HAL_TIMEx_HallSensor_Init
                0x00000000       0xb2 Drivers\STM32F3xx_HAL_Driver\Src\stm32f3xx_hal_tim_ex.o
 .text.HAL_TIMEx_HallSensor_MspDeInit
                0x00000000        0x2 Drivers\STM32F3xx_HAL_Driver\Src\stm32f3xx_hal_tim_ex.o
 .text.HAL_TIMEx_HallSensor_DeInit
                0x00000000       0x3a Drivers\STM32F3xx_HAL_Driver\Src\stm32f3xx_hal_tim_ex.o
 .text.HAL_TIMEx_HallSensor_Start
                0x00000000       0x1c Drivers\STM32F3xx_HAL_Driver\Src\stm32f3xx_hal_tim_ex.o
 .text.HAL_TIMEx_HallSensor_Stop
                0x00000000       0x30 Drivers\STM32F3xx_HAL_Driver\Src\stm32f3xx_hal_tim_ex.o
 .text.HAL_TIMEx_HallSensor_Start_IT
                0x00000000       0x24 Drivers\STM32F3xx_HAL_Driver\Src\stm32f3xx_hal_tim_ex.o
 .text.HAL_TIMEx_HallSensor_Stop_IT
                0x00000000       0x38 Drivers\STM32F3xx_HAL_Driver\Src\stm32f3xx_hal_tim_ex.o
 .text.HAL_TIMEx_HallSensor_Start_DMA
                0x00000000       0x64 Drivers\STM32F3xx_HAL_Driver\Src\stm32f3xx_hal_tim_ex.o
 .text.HAL_TIMEx_HallSensor_Stop_DMA
                0x00000000       0x38 Drivers\STM32F3xx_HAL_Driver\Src\stm32f3xx_hal_tim_ex.o
 .text.HAL_TIMEx_PWMN_Start
                0x00000000       0x22 Drivers\STM32F3xx_HAL_Driver\Src\stm32f3xx_hal_tim_ex.o
 .text.HAL_TIMEx_OCN_Start
                0x00000000        0x4 Drivers\STM32F3xx_HAL_Driver\Src\stm32f3xx_hal_tim_ex.o
 .text.HAL_TIMEx_PWMN_Start_IT
                0x00000000       0x60 Drivers\STM32F3xx_HAL_Driver\Src\stm32f3xx_hal_tim_ex.o
 .text.HAL_TIMEx_OCN_Start_IT
                0x00000000        0x4 Drivers\STM32F3xx_HAL_Driver\Src\stm32f3xx_hal_tim_ex.o
 .text.HAL_TIMEx_PWMN_Stop_IT
                0x00000000       0x9a Drivers\STM32F3xx_HAL_Driver\Src\stm32f3xx_hal_tim_ex.o
 .text.HAL_TIMEx_OCN_Stop_IT
                0x00000000        0x4 Drivers\STM32F3xx_HAL_Driver\Src\stm32f3xx_hal_tim_ex.o
 .text.HAL_TIMEx_PWMN_Start_DMA
                0x00000000       0xd4 Drivers\STM32F3xx_HAL_Driver\Src\stm32f3xx_hal_tim_ex.o
 .text.HAL_TIMEx_OCN_Start_DMA
                0x00000000        0x4 Drivers\STM32F3xx_HAL_Driver\Src\stm32f3xx_hal_tim_ex.o
 .text.HAL_TIMEx_PWMN_Stop_DMA
                0x00000000       0x8e Drivers\STM32F3xx_HAL_Driver\Src\stm32f3xx_hal_tim_ex.o
 .text.HAL_TIMEx_OCN_Stop_DMA
                0x00000000        0x4 Drivers\STM32F3xx_HAL_Driver\Src\stm32f3xx_hal_tim_ex.o
 .text.HAL_TIMEx_OnePulseN_Start
                0x00000000       0x1a Drivers\STM32F3xx_HAL_Driver\Src\stm32f3xx_hal_tim_ex.o
 .text.HAL_TIMEx_OnePulseN_Stop
                0x00000000       0x4a Drivers\STM32F3xx_HAL_Driver\Src\stm32f3xx_hal_tim_ex.o
 .text.HAL_TIMEx_PWMN_Stop
                0x00000000        0x4 Drivers\STM32F3xx_HAL_Driver\Src\stm32f3xx_hal_tim_ex.o
 .text.HAL_TIMEx_OCN_Stop
                0x00000000        0x4 Drivers\STM32F3xx_HAL_Driver\Src\stm32f3xx_hal_tim_ex.o
 .text.HAL_TIMEx_OnePulseN_Start_IT
                0x00000000       0x2a Drivers\STM32F3xx_HAL_Driver\Src\stm32f3xx_hal_tim_ex.o
 .text.HAL_TIMEx_OnePulseN_Stop_IT
                0x00000000       0x5a Drivers\STM32F3xx_HAL_Driver\Src\stm32f3xx_hal_tim_ex.o
 .text.HAL_TIMEx_ConfigCommutationEvent
                0x00000000       0x4a Drivers\STM32F3xx_HAL_Driver\Src\stm32f3xx_hal_tim_ex.o
 .text.HAL_TIMEx_ConfigCommutationEvent_IT
                0x00000000       0x52 Drivers\STM32F3xx_HAL_Driver\Src\stm32f3xx_hal_tim_ex.o
 .text.HAL_TIMEx_ConfigCommutationEvent_DMA
                0x00000000       0x64 Drivers\STM32F3xx_HAL_Driver\Src\stm32f3xx_hal_tim_ex.o
 .text.HAL_TIM_OC_ConfigChannel
                0x00000000       0x70 Drivers\STM32F3xx_HAL_Driver\Src\stm32f3xx_hal_tim_ex.o
 .text.HAL_TIM_PWM_ConfigChannel
                0x00000000      0x10e Drivers\STM32F3xx_HAL_Driver\Src\stm32f3xx_hal_tim_ex.o
 .text.HAL_TIMEx_MasterConfigSynchronization
                0x00000000       0x54 Drivers\STM32F3xx_HAL_Driver\Src\stm32f3xx_hal_tim_ex.o
 .text.HAL_TIMEx_ConfigBreakDeadTime
                0x00000000       0x8c Drivers\STM32F3xx_HAL_Driver\Src\stm32f3xx_hal_tim_ex.o
 .text.HAL_TIMEx_RemapConfig
                0x00000000       0x22 Drivers\STM32F3xx_HAL_Driver\Src\stm32f3xx_hal_tim_ex.o
 .text.HAL_TIMEx_GroupChannel5
                0x00000000       0x30 Drivers\STM32F3xx_HAL_Driver\Src\stm32f3xx_hal_tim_ex.o
 .text.HAL_TIM_ConfigOCrefClear
                0x00000000      0x106 Drivers\STM32F3xx_HAL_Driver\Src\stm32f3xx_hal_tim_ex.o
 .text.HAL_TIMEx_CommutationCallback
                0x00000000        0x2 Drivers\STM32F3xx_HAL_Driver\Src\stm32f3xx_hal_tim_ex.o
 .text.TIMEx_DMACommutationCplt
                0x00000000       0x10 Drivers\STM32F3xx_HAL_Driver\Src\stm32f3xx_hal_tim_ex.o
 .text.HAL_TIMEx_BreakCallback
                0x00000000        0x2 Drivers\STM32F3xx_HAL_Driver\Src\stm32f3xx_hal_tim_ex.o
 .text.HAL_TIMEx_Break2Callback
                0x00000000        0x2 Drivers\STM32F3xx_HAL_Driver\Src\stm32f3xx_hal_tim_ex.o
 .text.HAL_TIMEx_HallSensor_GetState
                0x00000000        0x6 Drivers\STM32F3xx_HAL_Driver\Src\stm32f3xx_hal_tim_ex.o
 .comment       0x00000000       0x7d Drivers\STM32F3xx_HAL_Driver\Src\stm32f3xx_hal_tim_ex.o
 .ARM.attributes
                0x00000000       0x39 Drivers\STM32F3xx_HAL_Driver\Src\stm32f3xx_hal_tim_ex.o
 .text          0x00000000        0x0 Drivers\STM32F3xx_HAL_Driver\Src\stm32f3xx_hal_uart.o
 .data          0x00000000        0x0 Drivers\STM32F3xx_HAL_Driver\Src\stm32f3xx_hal_uart.o
 .bss           0x00000000        0x0 Drivers\STM32F3xx_HAL_Driver\Src\stm32f3xx_hal_uart.o
 .text.UART_EndRxTransfer
                0x00000000       0x1a Drivers\STM32F3xx_HAL_Driver\Src\stm32f3xx_hal_uart.o
 .text.HAL_UART_MspInit
                0x00000000        0x2 Drivers\STM32F3xx_HAL_Driver\Src\stm32f3xx_hal_uart.o
 .text.HAL_UART_MspDeInit
                0x00000000        0x2 Drivers\STM32F3xx_HAL_Driver\Src\stm32f3xx_hal_uart.o
 .text.HAL_UART_DeInit
                0x00000000       0x38 Drivers\STM32F3xx_HAL_Driver\Src\stm32f3xx_hal_uart.o
 .text.HAL_UART_Transmit_IT
                0x00000000       0x42 Drivers\STM32F3xx_HAL_Driver\Src\stm32f3xx_hal_uart.o
 .text.HAL_UART_Receive_IT
                0x00000000       0x88 Drivers\STM32F3xx_HAL_Driver\Src\stm32f3xx_hal_uart.o
 .text.HAL_UART_Transmit_DMA
                0x00000000       0x78 Drivers\STM32F3xx_HAL_Driver\Src\stm32f3xx_hal_uart.o
 .text.HAL_UART_Receive_DMA
                0x00000000       0x88 Drivers\STM32F3xx_HAL_Driver\Src\stm32f3xx_hal_uart.o
 .text.HAL_UART_DMAPause
                0x00000000       0x5c Drivers\STM32F3xx_HAL_Driver\Src\stm32f3xx_hal_uart.o
 .text.HAL_UART_DMAResume
                0x00000000       0x54 Drivers\STM32F3xx_HAL_Driver\Src\stm32f3xx_hal_uart.o
 .text.HAL_UART_DMAStop
                0x00000000       0x5e Drivers\STM32F3xx_HAL_Driver\Src\stm32f3xx_hal_uart.o
 .text.HAL_UART_Abort
                0x00000000       0x6a Drivers\STM32F3xx_HAL_Driver\Src\stm32f3xx_hal_uart.o
 .text.HAL_UART_AbortTransmit
                0x00000000       0x36 Drivers\STM32F3xx_HAL_Driver\Src\stm32f3xx_hal_uart.o
 .text.HAL_UART_AbortReceive
                0x00000000       0x44 Drivers\STM32F3xx_HAL_Driver\Src\stm32f3xx_hal_uart.o
 .text.HAL_UART_TxCpltCallback
                0x00000000        0x2 Drivers\STM32F3xx_HAL_Driver\Src\stm32f3xx_hal_uart.o
 .text.UART_DMATransmitCplt
                0x00000000       0x2e Drivers\STM32F3xx_HAL_Driver\Src\stm32f3xx_hal_uart.o
 .text.HAL_UART_TxHalfCpltCallback
                0x00000000        0x2 Drivers\STM32F3xx_HAL_Driver\Src\stm32f3xx_hal_uart.o
 .text.UART_DMATxHalfCplt
                0x00000000        0xa Drivers\STM32F3xx_HAL_Driver\Src\stm32f3xx_hal_uart.o
 .text.HAL_UART_RxCpltCallback
                0x00000000        0x2 Drivers\STM32F3xx_HAL_Driver\Src\stm32f3xx_hal_uart.o
 .text.UART_DMAReceiveCplt
                0x00000000       0x3a Drivers\STM32F3xx_HAL_Driver\Src\stm32f3xx_hal_uart.o
 .text.HAL_UART_RxHalfCpltCallback
                0x00000000        0x2 Drivers\STM32F3xx_HAL_Driver\Src\stm32f3xx_hal_uart.o
 .text.UART_DMARxHalfCplt
                0x00000000        0xa Drivers\STM32F3xx_HAL_Driver\Src\stm32f3xx_hal_uart.o
 .text.HAL_UART_ErrorCallback
                0x00000000        0x2 Drivers\STM32F3xx_HAL_Driver\Src\stm32f3xx_hal_uart.o
 .text.UART_DMAError
                0x00000000       0x54 Drivers\STM32F3xx_HAL_Driver\Src\stm32f3xx_hal_uart.o
 .text.UART_DMAAbortOnError
                0x00000000       0x14 Drivers\STM32F3xx_HAL_Driver\Src\stm32f3xx_hal_uart.o
 .text.HAL_UART_AbortCpltCallback
                0x00000000        0x2 Drivers\STM32F3xx_HAL_Driver\Src\stm32f3xx_hal_uart.o
 .text.HAL_UART_Abort_IT
                0x00000000       0xb0 Drivers\STM32F3xx_HAL_Driver\Src\stm32f3xx_hal_uart.o
 .text.UART_DMARxAbortCallback
                0x00000000       0x32 Drivers\STM32F3xx_HAL_Driver\Src\stm32f3xx_hal_uart.o
 .text.UART_DMATxAbortCallback
                0x00000000       0x32 Drivers\STM32F3xx_HAL_Driver\Src\stm32f3xx_hal_uart.o
 .text.HAL_UART_AbortTransmitCpltCallback
                0x00000000        0x2 Drivers\STM32F3xx_HAL_Driver\Src\stm32f3xx_hal_uart.o
 .text.HAL_UART_AbortTransmit_IT
                0x00000000       0x54 Drivers\STM32F3xx_HAL_Driver\Src\stm32f3xx_hal_uart.o
 .text.UART_DMATxOnlyAbortCallback
                0x00000000       0x16 Drivers\STM32F3xx_HAL_Driver\Src\stm32f3xx_hal_uart.o
 .text.HAL_UART_AbortReceiveCpltCallback
                0x00000000        0x2 Drivers\STM32F3xx_HAL_Driver\Src\stm32f3xx_hal_uart.o
 .text.HAL_UART_AbortReceive_IT
                0x00000000       0x58 Drivers\STM32F3xx_HAL_Driver\Src\stm32f3xx_hal_uart.o
 .text.UART_DMARxOnlyAbortCallback
                0x00000000       0x1c Drivers\STM32F3xx_HAL_Driver\Src\stm32f3xx_hal_uart.o
 .text.HAL_MultiProcessor_EnterMuteMode
                0x00000000        0xc Drivers\STM32F3xx_HAL_Driver\Src\stm32f3xx_hal_uart.o
 .text.HAL_HalfDuplex_EnableTransmitter
                0x00000000       0x34 Drivers\STM32F3xx_HAL_Driver\Src\stm32f3xx_hal_uart.o
 .text.HAL_HalfDuplex_EnableReceiver
                0x00000000       0x34 Drivers\STM32F3xx_HAL_Driver\Src\stm32f3xx_hal_uart.o
 .text.HAL_LIN_SendBreak
                0x00000000       0x2c Drivers\STM32F3xx_HAL_Driver\Src\stm32f3xx_hal_uart.o
 .text.HAL_UART_GetState
                0x00000000        0xc Drivers\STM32F3xx_HAL_Driver\Src\stm32f3xx_hal_uart.o
 .text.HAL_UART_GetError
                0x00000000        0x4 Drivers\STM32F3xx_HAL_Driver\Src\stm32f3xx_hal_uart.o
 .text.UART_SetConfig
                0x00000000      0x210 Drivers\STM32F3xx_HAL_Driver\Src\stm32f3xx_hal_uart.o
 .text.UART_AdvFeatureConfig
                0x00000000       0xa8 Drivers\STM32F3xx_HAL_Driver\Src\stm32f3xx_hal_uart.o
 .text.UART_WaitOnFlagUntilTimeout
                0x00000000       0x62 Drivers\STM32F3xx_HAL_Driver\Src\stm32f3xx_hal_uart.o
 .text.HAL_UART_Transmit
                0x00000000       0xb2 Drivers\STM32F3xx_HAL_Driver\Src\stm32f3xx_hal_uart.o
 .text.HAL_UART_Receive
                0x00000000       0xde Drivers\STM32F3xx_HAL_Driver\Src\stm32f3xx_hal_uart.o
 .text.UART_CheckIdleState
                0x00000000       0x64 Drivers\STM32F3xx_HAL_Driver\Src\stm32f3xx_hal_uart.o
 .text.HAL_UART_Init
                0x00000000       0x64 Drivers\STM32F3xx_HAL_Driver\Src\stm32f3xx_hal_uart.o
 .text.HAL_HalfDuplex_Init
                0x00000000       0x6c Drivers\STM32F3xx_HAL_Driver\Src\stm32f3xx_hal_uart.o
 .text.HAL_LIN_Init
                0x00000000       0x88 Drivers\STM32F3xx_HAL_Driver\Src\stm32f3xx_hal_uart.o
 .text.HAL_MultiProcessor_Init
                0x00000000       0x86 Drivers\STM32F3xx_HAL_Driver\Src\stm32f3xx_hal_uart.o
 .text.HAL_MultiProcessor_EnableMuteMode
                0x00000000       0x2c Drivers\STM32F3xx_HAL_Driver\Src\stm32f3xx_hal_uart.o
 .text.HAL_MultiProcessor_DisableMuteMode
                0x00000000       0x2c Drivers\STM32F3xx_HAL_Driver\Src\stm32f3xx_hal_uart.o
 .text.UART_Transmit_IT
                0x00000000       0x5c Drivers\STM32F3xx_HAL_Driver\Src\stm32f3xx_hal_uart.o
 .text.UART_EndTransmit_IT
                0x00000000       0x1a Drivers\STM32F3xx_HAL_Driver\Src\stm32f3xx_hal_uart.o
 .text.UART_Receive_IT
                0x00000000       0x6c Drivers\STM32F3xx_HAL_Driver\Src\stm32f3xx_hal_uart.o
 .text.HAL_UART_IRQHandler
                0x00000000      0x12c Drivers\STM32F3xx_HAL_Driver\Src\stm32f3xx_hal_uart.o
 .text.UART_Wakeup_AddressConfig
                0x00000000       0x2c Drivers\STM32F3xx_HAL_Driver\Src\stm32f3xx_hal_uart.o
 .rodata.CSWTCH.45
                0x00000000        0x4 Drivers\STM32F3xx_HAL_Driver\Src\stm32f3xx_hal_uart.o
 .comment       0x00000000       0x7d Drivers\STM32F3xx_HAL_Driver\Src\stm32f3xx_hal_uart.o
 .ARM.attributes
                0x00000000       0x39 Drivers\STM32F3xx_HAL_Driver\Src\stm32f3xx_hal_uart.o
 .text          0x00000000        0x0 Drivers\STM32F3xx_HAL_Driver\Src\stm32f3xx_hal_uart_ex.o
 .data          0x00000000        0x0 Drivers\STM32F3xx_HAL_Driver\Src\stm32f3xx_hal_uart_ex.o
 .bss           0x00000000        0x0 Drivers\STM32F3xx_HAL_Driver\Src\stm32f3xx_hal_uart_ex.o
 .text.HAL_RS485Ex_Init
                0x00000000       0x82 Drivers\STM32F3xx_HAL_Driver\Src\stm32f3xx_hal_uart_ex.o
 .text.HAL_UARTEx_WakeupCallback
                0x00000000        0x2 Drivers\STM32F3xx_HAL_Driver\Src\stm32f3xx_hal_uart_ex.o
 .text.HAL_UARTEx_StopModeWakeUpSourceConfig
                0x00000000       0x7a Drivers\STM32F3xx_HAL_Driver\Src\stm32f3xx_hal_uart_ex.o
 .text.HAL_UARTEx_EnableStopMode
                0x00000000       0x2c Drivers\STM32F3xx_HAL_Driver\Src\stm32f3xx_hal_uart_ex.o
 .text.HAL_UARTEx_DisableStopMode
                0x00000000       0x2c Drivers\STM32F3xx_HAL_Driver\Src\stm32f3xx_hal_uart_ex.o
 .text.HAL_MultiProcessorEx_AddressLength_Set
                0x00000000       0x2c Drivers\STM32F3xx_HAL_Driver\Src\stm32f3xx_hal_uart_ex.o
 .comment       0x00000000       0x7d Drivers\STM32F3xx_HAL_Driver\Src\stm32f3xx_hal_uart_ex.o
 .ARM.attributes
                0x00000000       0x39 Drivers\STM32F3xx_HAL_Driver\Src\stm32f3xx_hal_uart_ex.o
 .text          0x00000000        0x0 Src\main.o
 .data          0x00000000        0x0 Src\main.o
 .bss           0x00000000        0x0 Src\main.o
 .text._Error_Handler
                0x00000000        0x2 Src\main.o
 COMMON         0x00000000      0x5dc Src\main.o
 .text          0x00000000        0x0 Src\stm32f3xx_hal_msp.o
 .data          0x00000000        0x0 Src\stm32f3xx_hal_msp.o
 .bss           0x00000000        0x0 Src\stm32f3xx_hal_msp.o
 .text.HAL_I2C_MspInit
                0x00000000       0x50 Src\stm32f3xx_hal_msp.o
 .text.HAL_I2C_MspDeInit
                0x00000000       0x28 Src\stm32f3xx_hal_msp.o
 .text.HAL_SPI_MspInit
                0x00000000       0x9c Src\stm32f3xx_hal_msp.o
 .text.HAL_SPI_MspDeInit
                0x00000000       0x54 Src\stm32f3xx_hal_msp.o
 .text.HAL_TIM_Base_MspInit
                0x00000000       0x28 Src\stm32f3xx_hal_msp.o
 .text.HAL_TIM_MspPostInit
                0x00000000       0x30 Src\stm32f3xx_hal_msp.o
 .text.HAL_TIM_Base_MspDeInit
                0x00000000       0x1c Src\stm32f3xx_hal_msp.o
 .text.HAL_UART_MspInit
                0x00000000       0xa0 Src\stm32f3xx_hal_msp.o
 .text.HAL_UART_MspDeInit
                0x00000000       0x58 Src\stm32f3xx_hal_msp.o
 .text.HAL_PCD_MspInit
                0x00000000       0x28 Src\stm32f3xx_hal_msp.o
 .text.HAL_PCD_MspDeInit
                0x00000000       0x1c Src\stm32f3xx_hal_msp.o
 .text          0x00000000        0x0 Src\stm32f3xx_it.o
 .data          0x00000000        0x0 Src\stm32f3xx_it.o
 .bss           0x00000000        0x0 Src\stm32f3xx_it.o
 .text          0x00000000        0x0 Src\system_stm32f3xx.o
 .data          0x00000000        0x0 Src\system_stm32f3xx.o
 .bss           0x00000000        0x0 Src\system_stm32f3xx.o
 .text.SystemCoreClockUpdate
                0x00000000       0x54 Src\system_stm32f3xx.o
 .rodata.APBPrescTable
                0x00000000        0x8 Src\system_stm32f3xx.o
 .text          0x00000000       0x14 startup\startup_stm32f303xe.o
 .data          0x00000000        0x0 startup\startup_stm32f303xe.o
 .bss           0x00000000        0x0 startup\startup_stm32f303xe.o
 .text          0x00000000        0x0 c:/program files (x86)/atollic/truestudio for stm32 9.0.0/armtools/bin/../lib/gcc/arm-atollic-eabi/6.3.1/../../../../arm-atollic-eabi/lib/armv7e-m/fpu\libc_nano.a(lib_a-init.o)
 .data          0x00000000        0x0 c:/program files (x86)/atollic/truestudio for stm32 9.0.0/armtools/bin/../lib/gcc/arm-atollic-eabi/6.3.1/../../../../arm-atollic-eabi/lib/armv7e-m/fpu\libc_nano.a(lib_a-init.o)
 .bss           0x00000000        0x0 c:/program files (x86)/atollic/truestudio for stm32 9.0.0/armtools/bin/../lib/gcc/arm-atollic-eabi/6.3.1/../../../../arm-atollic-eabi/lib/armv7e-m/fpu\libc_nano.a(lib_a-init.o)
 .text          0x00000000       0x18 c:/program files (x86)/atollic/truestudio for stm32 9.0.0/armtools/bin/../lib/gcc/arm-atollic-eabi/6.3.1/armv7e-m/fpu\libgcc.a(_lshrdi3.o)
 .data          0x00000000        0x0 c:/program files (x86)/atollic/truestudio for stm32 9.0.0/armtools/bin/../lib/gcc/arm-atollic-eabi/6.3.1/armv7e-m/fpu\libgcc.a(_lshrdi3.o)
 .bss           0x00000000        0x0 c:/program files (x86)/atollic/truestudio for stm32 9.0.0/armtools/bin/../lib/gcc/arm-atollic-eabi/6.3.1/armv7e-m/fpu\libgcc.a(_lshrdi3.o)
 .ARM.attributes
                0x00000000       0x22 c:/program files (x86)/atollic/truestudio for stm32 9.0.0/armtools/bin/../lib/gcc/arm-atollic-eabi/6.3.1/armv7e-m/fpu\libgcc.a(_lshrdi3.o)
 .text          0x00000000        0x0 c:/program files (x86)/atollic/truestudio for stm32 9.0.0/armtools/bin/../lib/gcc/arm-atollic-eabi/6.3.1/armv7e-m/fpu/crtend.o
 .data          0x00000000        0x0 c:/program files (x86)/atollic/truestudio for stm32 9.0.0/armtools/bin/../lib/gcc/arm-atollic-eabi/6.3.1/armv7e-m/fpu/crtend.o
 .bss           0x00000000        0x0 c:/program files (x86)/atollic/truestudio for stm32 9.0.0/armtools/bin/../lib/gcc/arm-atollic-eabi/6.3.1/armv7e-m/fpu/crtend.o
 .eh_frame      0x00000000        0x4 c:/program files (x86)/atollic/truestudio for stm32 9.0.0/armtools/bin/../lib/gcc/arm-atollic-eabi/6.3.1/armv7e-m/fpu/crtend.o
 .ARM.attributes
                0x00000000       0x34 c:/program files (x86)/atollic/truestudio for stm32 9.0.0/armtools/bin/../lib/gcc/arm-atollic-eabi/6.3.1/armv7e-m/fpu/crtend.o
 .text          0x00000000        0x0 c:/program files (x86)/atollic/truestudio for stm32 9.0.0/armtools/bin/../lib/gcc/arm-atollic-eabi/6.3.1/armv7e-m/fpu/crtn.o
 .data          0x00000000        0x0 c:/program files (x86)/atollic/truestudio for stm32 9.0.0/armtools/bin/../lib/gcc/arm-atollic-eabi/6.3.1/armv7e-m/fpu/crtn.o
 .bss           0x00000000        0x0 c:/program files (x86)/atollic/truestudio for stm32 9.0.0/armtools/bin/../lib/gcc/arm-atollic-eabi/6.3.1/armv7e-m/fpu/crtn.o

Memory Configuration

Name             Origin             Length             Attributes
RAM              0x20000000         0x00010000         xrw
CCMRAM           0x10000000         0x00004000         rw
FLASH            0x08000000         0x00080000         xr
*default*        0x00000000         0xffffffff

Linker script and memory map

LOAD c:/program files (x86)/atollic/truestudio for stm32 9.0.0/armtools/bin/../lib/gcc/arm-atollic-eabi/6.3.1/armv7e-m/fpu/crti.o
LOAD c:/program files (x86)/atollic/truestudio for stm32 9.0.0/armtools/bin/../lib/gcc/arm-atollic-eabi/6.3.1/armv7e-m/fpu/crtbegin.o
LOAD Drivers\STM32F3xx_HAL_Driver\Src\stm32f3xx_hal.o
LOAD Drivers\STM32F3xx_HAL_Driver\Src\stm32f3xx_hal_cortex.o
LOAD Drivers\STM32F3xx_HAL_Driver\Src\stm32f3xx_hal_dma.o
LOAD Drivers\STM32F3xx_HAL_Driver\Src\stm32f3xx_hal_flash.o
LOAD Drivers\STM32F3xx_HAL_Driver\Src\stm32f3xx_hal_flash_ex.o
LOAD Drivers\STM32F3xx_HAL_Driver\Src\stm32f3xx_hal_gpio.o
LOAD Drivers\STM32F3xx_HAL_Driver\Src\stm32f3xx_hal_i2c.o
LOAD Drivers\STM32F3xx_HAL_Driver\Src\stm32f3xx_hal_i2c_ex.o
LOAD Drivers\STM32F3xx_HAL_Driver\Src\stm32f3xx_hal_pcd.o
LOAD Drivers\STM32F3xx_HAL_Driver\Src\stm32f3xx_hal_pcd_ex.o
LOAD Drivers\STM32F3xx_HAL_Driver\Src\stm32f3xx_hal_pwr.o
LOAD Drivers\STM32F3xx_HAL_Driver\Src\stm32f3xx_hal_pwr_ex.o
LOAD Drivers\STM32F3xx_HAL_Driver\Src\stm32f3xx_hal_rcc.o
LOAD Drivers\STM32F3xx_HAL_Driver\Src\stm32f3xx_hal_rcc_ex.o
LOAD Drivers\STM32F3xx_HAL_Driver\Src\stm32f3xx_hal_spi.o
LOAD Drivers\STM32F3xx_HAL_Driver\Src\stm32f3xx_hal_spi_ex.o
LOAD Drivers\STM32F3xx_HAL_Driver\Src\stm32f3xx_hal_tim.o
LOAD Drivers\STM32F3xx_HAL_Driver\Src\stm32f3xx_hal_tim_ex.o
LOAD Drivers\STM32F3xx_HAL_Driver\Src\stm32f3xx_hal_uart.o
LOAD Drivers\STM32F3xx_HAL_Driver\Src\stm32f3xx_hal_uart_ex.o
LOAD Src\main.o
LOAD Src\stm32f3xx_hal_msp.o
LOAD Src\stm32f3xx_it.o
LOAD Src\system_stm32f3xx.o
LOAD startup\startup_stm32f303xe.o
                0x00000080                malloc_getpagesize_P = 0x80
START GROUP
LOAD c:/program files (x86)/atollic/truestudio for stm32 9.0.0/armtools/bin/../lib/gcc/arm-atollic-eabi/6.3.1/../../../../arm-atollic-eabi/lib/armv7e-m/fpu\libc_nano.a
LOAD c:/program files (x86)/atollic/truestudio for stm32 9.0.0/armtools/bin/../lib/gcc/arm-atollic-eabi/6.3.1/../../../../arm-atollic-eabi/lib/armv7e-m/fpu\libm.a
END GROUP
START GROUP
LOAD c:/program files (x86)/atollic/truestudio for stm32 9.0.0/armtools/bin/../lib/gcc/arm-atollic-eabi/6.3.1/armv7e-m/fpu\libgcc.a
LOAD c:/program files (x86)/atollic/truestudio for stm32 9.0.0/armtools/bin/../lib/gcc/arm-atollic-eabi/6.3.1/../../../../arm-atollic-eabi/lib/armv7e-m/fpu\libc_nano.a
END GROUP
START GROUP
LOAD c:/program files (x86)/atollic/truestudio for stm32 9.0.0/armtools/bin/../lib/gcc/arm-atollic-eabi/6.3.1/armv7e-m/fpu\libgcc.a
LOAD c:/program files (x86)/atollic/truestudio for stm32 9.0.0/armtools/bin/../lib/gcc/arm-atollic-eabi/6.3.1/../../../../arm-atollic-eabi/lib/armv7e-m/fpu\libc_nano.a
LOAD c:/program files (x86)/atollic/truestudio for stm32 9.0.0/armtools/bin/../lib/gcc/arm-atollic-eabi/6.3.1/../../../../arm-atollic-eabi/lib/armv7e-m/fpu\libnosys.a
END GROUP
START GROUP
LOAD c:/program files (x86)/atollic/truestudio for stm32 9.0.0/armtools/bin/../lib/gcc/arm-atollic-eabi/6.3.1/armv7e-m/fpu\libgcc.a
LOAD c:/program files (x86)/atollic/truestudio for stm32 9.0.0/armtools/bin/../lib/gcc/arm-atollic-eabi/6.3.1/../../../../arm-atollic-eabi/lib/armv7e-m/fpu\libc_nano.a
LOAD c:/program files (x86)/atollic/truestudio for stm32 9.0.0/armtools/bin/../lib/gcc/arm-atollic-eabi/6.3.1/../../../../arm-atollic-eabi/lib/armv7e-m/fpu\libnosys.a
END GROUP
LOAD c:/program files (x86)/atollic/truestudio for stm32 9.0.0/armtools/bin/../lib/gcc/arm-atollic-eabi/6.3.1/armv7e-m/fpu/crtend.o
LOAD c:/program files (x86)/atollic/truestudio for stm32 9.0.0/armtools/bin/../lib/gcc/arm-atollic-eabi/6.3.1/armv7e-m/fpu/crtn.o
                0x20010000                _estack = 0x20010000
                0x00000200                _Min_Heap_Size = 0x200
                0x00000400                _Min_Stack_Size = 0x400

.isr_vector     0x08000000      0x194
                0x08000000                . = ALIGN (0x4)
 *(.isr_vector)
 .isr_vector    0x08000000      0x194 startup\startup_stm32f303xe.o
                0x08000000                g_pfnVectors
                0x08000194                . = ALIGN (0x4)

.text           0x08000194      0xfb8
                0x08000194                . = ALIGN (0x4)
 *(.text)
 .text          0x08000194       0x40 c:/program files (x86)/atollic/truestudio for stm32 9.0.0/armtools/bin/../lib/gcc/arm-atollic-eabi/6.3.1/armv7e-m/fpu/crtbegin.o
 *(.text*)
 .text.HAL_InitTick
                0x080001d4       0x28 Drivers\STM32F3xx_HAL_Driver\Src\stm32f3xx_hal.o
                0x080001d4                HAL_InitTick
 .text.HAL_Init
                0x080001fc       0x24 Drivers\STM32F3xx_HAL_Driver\Src\stm32f3xx_hal.o
                0x080001fc                HAL_Init
 .text.HAL_IncTick
                0x08000220       0x10 Drivers\STM32F3xx_HAL_Driver\Src\stm32f3xx_hal.o
                0x08000220                HAL_IncTick
 .text.HAL_GetTick
                0x08000230        0xc Drivers\STM32F3xx_HAL_Driver\Src\stm32f3xx_hal.o
                0x08000230                HAL_GetTick
 .text.HAL_NVIC_SetPriorityGrouping
                0x0800023c       0x24 Drivers\STM32F3xx_HAL_Driver\Src\stm32f3xx_hal_cortex.o
                0x0800023c                HAL_NVIC_SetPriorityGrouping
 .text.HAL_NVIC_SetPriority
                0x08000260       0x68 Drivers\STM32F3xx_HAL_Driver\Src\stm32f3xx_hal_cortex.o
                0x08000260                HAL_NVIC_SetPriority
 .text.HAL_SYSTICK_Config
                0x080002c8       0x2c Drivers\STM32F3xx_HAL_Driver\Src\stm32f3xx_hal_cortex.o
                0x080002c8                HAL_SYSTICK_Config
 .text.HAL_SYSTICK_CLKSourceConfig
                0x080002f4       0x18 Drivers\STM32F3xx_HAL_Driver\Src\stm32f3xx_hal_cortex.o
                0x080002f4                HAL_SYSTICK_CLKSourceConfig
 .text.HAL_SYSTICK_Callback
                0x0800030c        0x2 Drivers\STM32F3xx_HAL_Driver\Src\stm32f3xx_hal_cortex.o
                0x0800030c                HAL_SYSTICK_Callback
 .text.HAL_SYSTICK_IRQHandler
                0x0800030e        0x8 Drivers\STM32F3xx_HAL_Driver\Src\stm32f3xx_hal_cortex.o
                0x0800030e                HAL_SYSTICK_IRQHandler
 *fill*         0x08000316        0x2 
 .text.HAL_GPIO_Init
                0x08000318      0x1a0 Drivers\STM32F3xx_HAL_Driver\Src\stm32f3xx_hal_gpio.o
                0x08000318                HAL_GPIO_Init
 .text.HAL_GPIO_WritePin
                0x080004b8        0xa Drivers\STM32F3xx_HAL_Driver\Src\stm32f3xx_hal_gpio.o
                0x080004b8                HAL_GPIO_WritePin
 *fill*         0x080004c2        0x2 
 .text.HAL_RCC_OscConfig
                0x080004c4      0x4fc Drivers\STM32F3xx_HAL_Driver\Src\stm32f3xx_hal_rcc.o
                0x080004c4                HAL_RCC_OscConfig
 .text.HAL_RCC_GetSysClockFreq
                0x080009c0       0x58 Drivers\STM32F3xx_HAL_Driver\Src\stm32f3xx_hal_rcc.o
                0x080009c0                HAL_RCC_GetSysClockFreq
 .text.HAL_RCC_ClockConfig
                0x08000a18      0x184 Drivers\STM32F3xx_HAL_Driver\Src\stm32f3xx_hal_rcc.o
                0x08000a18                HAL_RCC_ClockConfig
 .text.HAL_RCC_GetHCLKFreq
                0x08000b9c        0xc Drivers\STM32F3xx_HAL_Driver\Src\stm32f3xx_hal_rcc.o
                0x08000b9c                HAL_RCC_GetHCLKFreq
 .text.HAL_RCCEx_PeriphCLKConfig
                0x08000ba8      0x288 Drivers\STM32F3xx_HAL_Driver\Src\stm32f3xx_hal_rcc_ex.o
                0x08000ba8                HAL_RCCEx_PeriphCLKConfig
 .text.SystemClock_Config
                0x08000e30       0x94 Src\main.o
                0x08000e30                SystemClock_Config
 .text.startup.main
                0x08000ec4       0xd0 Src\main.o
                0x08000ec4                main
 .text.HAL_MspInit
                0x08000f94       0x7c Src\stm32f3xx_hal_msp.o
                0x08000f94                HAL_MspInit
 .text.NMI_Handler
                0x08001010        0x2 Src\stm32f3xx_it.o
                0x08001010                NMI_Handler
 .text.HardFault_Handler
                0x08001012        0x2 Src\stm32f3xx_it.o
                0x08001012                HardFault_Handler
 .text.MemManage_Handler
                0x08001014        0x2 Src\stm32f3xx_it.o
                0x08001014                MemManage_Handler
 .text.BusFault_Handler
                0x08001016        0x2 Src\stm32f3xx_it.o
                0x08001016                BusFault_Handler
 .text.UsageFault_Handler
                0x08001018        0x2 Src\stm32f3xx_it.o
                0x08001018                UsageFault_Handler
 .text.SVC_Handler
                0x0800101a        0x2 Src\stm32f3xx_it.o
                0x0800101a                SVC_Handler
 .text.DebugMon_Handler
                0x0800101c        0x2 Src\stm32f3xx_it.o
                0x0800101c                DebugMon_Handler
 .text.PendSV_Handler
                0x0800101e        0x2 Src\stm32f3xx_it.o
                0x0800101e                PendSV_Handler
 .text.SysTick_Handler
                0x08001020        0xe Src\stm32f3xx_it.o
                0x08001020                SysTick_Handler
 *fill*         0x0800102e        0x2 
 .text.SystemInit
                0x08001030       0x68 Src\system_stm32f3xx.o
                0x08001030                SystemInit
 .text.Reset_Handler
                0x08001098       0x50 startup\startup_stm32f303xe.o
                0x08001098                Reset_Handler
 .text.Default_Handler
                0x080010e8        0x2 startup\startup_stm32f303xe.o
                0x080010e8                RTC_Alarm_IRQHandler
                0x080010e8                TIM8_TRG_COM_IRQHandler
                0x080010e8                TIM8_CC_IRQHandler
                0x080010e8                SPI4_IRQHandler
                0x080010e8                TIM1_CC_IRQHandler
                0x080010e8                USB_HP_IRQHandler
                0x080010e8                PVD_IRQHandler
                0x080010e8                TAMP_STAMP_IRQHandler
                0x080010e8                EXTI3_IRQHandler
                0x080010e8                I2C3_ER_IRQHandler
                0x080010e8                USB_HP_CAN_TX_IRQHandler
                0x080010e8                EXTI0_IRQHandler
                0x080010e8                I2C2_EV_IRQHandler
                0x080010e8                FPU_IRQHandler
                0x080010e8                TIM1_UP_TIM16_IRQHandler
                0x080010e8                ADC1_2_IRQHandler
                0x080010e8                SPI1_IRQHandler
                0x080010e8                CAN_SCE_IRQHandler
                0x080010e8                TIM6_DAC_IRQHandler
                0x080010e8                TIM8_UP_IRQHandler
                0x080010e8                DMA2_Channel2_IRQHandler
                0x080010e8                DMA1_Channel4_IRQHandler
                0x080010e8                TIM20_TRG_COM_IRQHandler
                0x080010e8                USART3_IRQHandler
                0x080010e8                DMA1_Channel7_IRQHandler
                0x080010e8                UART5_IRQHandler
                0x080010e8                ADC3_IRQHandler
                0x080010e8                TIM4_IRQHandler
                0x080010e8                CAN_RX1_IRQHandler
                0x080010e8                DMA2_Channel1_IRQHandler
                0x080010e8                I2C1_EV_IRQHandler
                0x080010e8                DMA1_Channel6_IRQHandler
                0x080010e8                UART4_IRQHandler
                0x080010e8                DMA2_Channel4_IRQHandler
                0x080010e8                TIM3_IRQHandler
                0x080010e8                RCC_IRQHandler
                0x080010e8                TIM20_UP_IRQHandler
                0x080010e8                DMA1_Channel1_IRQHandler
                0x080010e8                Default_Handler
                0x080010e8                USBWakeUp_RMP_IRQHandler
                0x080010e8                EXTI15_10_IRQHandler
                0x080010e8                TIM7_IRQHandler
                0x080010e8                I2C3_EV_IRQHandler
                0x080010e8                EXTI9_5_IRQHandler
                0x080010e8                RTC_WKUP_IRQHandler
                0x080010e8                SPI2_IRQHandler
                0x080010e8                USB_LP_CAN_RX0_IRQHandler
                0x080010e8                DMA2_Channel5_IRQHandler
                0x080010e8                DMA1_Channel5_IRQHandler
                0x080010e8                USB_LP_IRQHandler
                0x080010e8                EXTI4_IRQHandler
                0x080010e8                TIM1_TRG_COM_TIM17_IRQHandler
                0x080010e8                DMA1_Channel3_IRQHandler
                0x080010e8                ADC4_IRQHandler
                0x080010e8                WWDG_IRQHandler
                0x080010e8                TIM2_IRQHandler
                0x080010e8                COMP7_IRQHandler
                0x080010e8                COMP1_2_3_IRQHandler
                0x080010e8                EXTI1_IRQHandler
                0x080010e8                USART2_IRQHandler
                0x080010e8                COMP4_5_6_IRQHandler
                0x080010e8                TIM20_BRK_IRQHandler
                0x080010e8                I2C2_ER_IRQHandler
                0x080010e8                DMA1_Channel2_IRQHandler
                0x080010e8                TIM8_BRK_IRQHandler
                0x080010e8                FLASH_IRQHandler
                0x080010e8                TIM20_CC_IRQHandler
                0x080010e8                USART1_IRQHandler
                0x080010e8                SPI3_IRQHandler
                0x080010e8                I2C1_ER_IRQHandler
                0x080010e8                FMC_IRQHandler
                0x080010e8                USBWakeUp_IRQHandler
                0x080010e8                DMA2_Channel3_IRQHandler
                0x080010e8                EXTI2_TSC_IRQHandler
                0x080010e8                TIM1_BRK_TIM15_IRQHandler
 *fill*         0x080010ea        0x2 
 .text.__libc_init_array
                0x080010ec       0x48 c:/program files (x86)/atollic/truestudio for stm32 9.0.0/armtools/bin/../lib/gcc/arm-atollic-eabi/6.3.1/../../../../arm-atollic-eabi/lib/armv7e-m/fpu\libc_nano.a(lib_a-init.o)
                0x080010ec                __libc_init_array
 *(.glue_7)
 .glue_7        0x08001134        0x0 linker stubs
 *(.glue_7t)
 .glue_7t       0x08001134        0x0 linker stubs
 *(.eh_frame)
 .eh_frame      0x08001134        0x0 c:/program files (x86)/atollic/truestudio for stm32 9.0.0/armtools/bin/../lib/gcc/arm-atollic-eabi/6.3.1/armv7e-m/fpu/crtbegin.o
 *(.init)
 .init          0x08001134        0x4 c:/program files (x86)/atollic/truestudio for stm32 9.0.0/armtools/bin/../lib/gcc/arm-atollic-eabi/6.3.1/armv7e-m/fpu/crti.o
                0x08001134                _init
 .init          0x08001138        0x8 c:/program files (x86)/atollic/truestudio for stm32 9.0.0/armtools/bin/../lib/gcc/arm-atollic-eabi/6.3.1/armv7e-m/fpu/crtn.o
 *(.fini)
 .fini          0x08001140        0x4 c:/program files (x86)/atollic/truestudio for stm32 9.0.0/armtools/bin/../lib/gcc/arm-atollic-eabi/6.3.1/armv7e-m/fpu/crti.o
                0x08001140                _fini
 .fini          0x08001144        0x8 c:/program files (x86)/atollic/truestudio for stm32 9.0.0/armtools/bin/../lib/gcc/arm-atollic-eabi/6.3.1/armv7e-m/fpu/crtn.o
                0x0800114c                . = ALIGN (0x4)
                0x0800114c                _etext = .

.vfp11_veneer   0x0800114c        0x0
 .vfp11_veneer  0x0800114c        0x0 linker stubs

.v4_bx          0x0800114c        0x0
 .v4_bx         0x0800114c        0x0 linker stubs

.iplt           0x0800114c        0x0
 .iplt          0x0800114c        0x0 c:/program files (x86)/atollic/truestudio for stm32 9.0.0/armtools/bin/../lib/gcc/arm-atollic-eabi/6.3.1/armv7e-m/fpu/crtbegin.o

.rodata         0x0800114c       0x30
                0x0800114c                . = ALIGN (0x4)
 *(.rodata)
 *(.rodata*)
 .rodata.aPLLMULFactorTable
                0x0800114c       0x10 Drivers\STM32F3xx_HAL_Driver\Src\stm32f3xx_hal_rcc.o
                0x0800114c                aPLLMULFactorTable
 .rodata.aPredivFactorTable
                0x0800115c       0x10 Drivers\STM32F3xx_HAL_Driver\Src\stm32f3xx_hal_rcc.o
                0x0800115c                aPredivFactorTable
 .rodata.AHBPrescTable
                0x0800116c       0x10 Src\system_stm32f3xx.o
                0x0800116c                AHBPrescTable
                0x0800117c                . = ALIGN (0x4)

.rel.dyn        0x0800117c        0x0
 .rel.iplt      0x0800117c        0x0 c:/program files (x86)/atollic/truestudio for stm32 9.0.0/armtools/bin/../lib/gcc/arm-atollic-eabi/6.3.1/armv7e-m/fpu/crtbegin.o

.ARM.extab
 *(.ARM.extab* .gnu.linkonce.armextab.*)

.ARM            0x0800117c        0x0
                0x0800117c                __exidx_start = .
 *(.ARM.exidx*)
                0x0800117c                __exidx_end = .

.preinit_array  0x0800117c        0x0
                0x0800117c                PROVIDE (__preinit_array_start, .)
 *(.preinit_array*)
                0x0800117c                PROVIDE (__preinit_array_end, .)

.init_array     0x0800117c        0x4
                0x0800117c                PROVIDE (__init_array_start, .)
 *(SORT(.init_array.*))
 *(.init_array*)
 .init_array    0x0800117c        0x4 c:/program files (x86)/atollic/truestudio for stm32 9.0.0/armtools/bin/../lib/gcc/arm-atollic-eabi/6.3.1/armv7e-m/fpu/crtbegin.o
                0x08001180                PROVIDE (__init_array_end, .)

.fini_array     0x08001180        0x4
                [!provide]                PROVIDE (__fini_array_start, .)
 *(SORT(.fini_array.*))
 *(.fini_array*)
 .fini_array    0x08001180        0x4 c:/program files (x86)/atollic/truestudio for stm32 9.0.0/armtools/bin/../lib/gcc/arm-atollic-eabi/6.3.1/armv7e-m/fpu/crtbegin.o
                [!provide]                PROVIDE (__fini_array_end, .)
                0x08001184                _sidata = LOADADDR (.data)

.data           0x20000000        0x4 load address 0x08001184
                0x20000000                . = ALIGN (0x4)
                0x20000000                _sdata = .
 *(.data)
 *(.data*)
 .data.SystemCoreClock
                0x20000000        0x4 Src\system_stm32f3xx.o
                0x20000000                SystemCoreClock
                0x20000004                . = ALIGN (0x4)
                0x20000004                _edata = .
                0x08001188                _siccmram = LOADADDR (.ccmram)

.igot.plt       0x20000004        0x0 load address 0x08001188
 .igot.plt      0x20000004        0x0 c:/program files (x86)/atollic/truestudio for stm32 9.0.0/armtools/bin/../lib/gcc/arm-atollic-eabi/6.3.1/armv7e-m/fpu/crtbegin.o

.ccmram         0x10000000        0x0 load address 0x08001188
                0x10000000                . = ALIGN (0x4)
                0x10000000                _sccmram = .
 *(.ccmram)
 *(.ccmram*)
                0x10000000                . = ALIGN (0x4)
                0x10000000                _eccmram = .
                0x10000000                . = ALIGN (0x4)

.bss            0x20000004       0x20
                0x20000004                _sbss = .
                0x20000004                __bss_start__ = _sbss
 *(.bss)
 .bss           0x20000004       0x1c c:/program files (x86)/atollic/truestudio for stm32 9.0.0/armtools/bin/../lib/gcc/arm-atollic-eabi/6.3.1/armv7e-m/fpu/crtbegin.o
 *(.bss*)
 *(COMMON)
 COMMON         0x20000020        0x4 Drivers\STM32F3xx_HAL_Driver\Src\stm32f3xx_hal.o
                0x20000020                uwTick
                0x20000024                . = ALIGN (0x4)
                0x20000024                _ebss = .
                0x20000024                __bss_end__ = _ebss

._user_heap_stack
                0x20000024      0x600
                0x20000024                . = ALIGN (0x4)
                [!provide]                PROVIDE (end, .)
                [!provide]                PROVIDE (_end, .)
                0x20000224                . = (. + _Min_Heap_Size)
 *fill*         0x20000024      0x200 
                0x20000624                . = (. + _Min_Stack_Size)
 *fill*         0x20000224      0x400 
                0x20000624                . = ALIGN (0x4)

/DISCARD/
 libc.a(*)
 libm.a(*)
 libgcc.a(*)

.ARM.attributes
                0x00000000       0x30
 *(.ARM.attributes)
 .ARM.attributes
                0x00000000       0x22 c:/program files (x86)/atollic/truestudio for stm32 9.0.0/armtools/bin/../lib/gcc/arm-atollic-eabi/6.3.1/armv7e-m/fpu/crti.o
 .ARM.attributes
                0x00000022       0x34 c:/program files (x86)/atollic/truestudio for stm32 9.0.0/armtools/bin/../lib/gcc/arm-atollic-eabi/6.3.1/armv7e-m/fpu/crtbegin.o
 .ARM.attributes
                0x00000056       0x39 Drivers\STM32F3xx_HAL_Driver\Src\stm32f3xx_hal.o
 .ARM.attributes
                0x0000008f       0x39 Drivers\STM32F3xx_HAL_Driver\Src\stm32f3xx_hal_cortex.o
 .ARM.attributes
                0x000000c8       0x39 Drivers\STM32F3xx_HAL_Driver\Src\stm32f3xx_hal_gpio.o
 .ARM.attributes
                0x00000101       0x39 Drivers\STM32F3xx_HAL_Driver\Src\stm32f3xx_hal_rcc.o
 .ARM.attributes
                0x0000013a       0x39 Drivers\STM32F3xx_HAL_Driver\Src\stm32f3xx_hal_rcc_ex.o
 .ARM.attributes
                0x00000173       0x39 Src\main.o
 .ARM.attributes
                0x000001ac       0x39 Src\stm32f3xx_hal_msp.o
 .ARM.attributes
                0x000001e5       0x39 Src\stm32f3xx_it.o
 .ARM.attributes
                0x0000021e       0x39 Src\system_stm32f3xx.o
 .ARM.attributes
                0x00000257       0x21 startup\startup_stm32f303xe.o
 .ARM.attributes
                0x00000278       0x34 c:/program files (x86)/atollic/truestudio for stm32 9.0.0/armtools/bin/../lib/gcc/arm-atollic-eabi/6.3.1/../../../../arm-atollic-eabi/lib/armv7e-m/fpu\libc_nano.a(lib_a-init.o)
 .ARM.attributes
                0x000002ac       0x22 c:/program files (x86)/atollic/truestudio for stm32 9.0.0/armtools/bin/../lib/gcc/arm-atollic-eabi/6.3.1/armv7e-m/fpu/crtn.o
OUTPUT(REV4.elf elf32-littlearm)

.comment        0x00000000       0x7c
 .comment       0x00000000       0x7c Drivers\STM32F3xx_HAL_Driver\Src\stm32f3xx_hal.o
                                 0x7d (size before relaxing)
 .comment       0x0000007c       0x7d Drivers\STM32F3xx_HAL_Driver\Src\stm32f3xx_hal_cortex.o
 .comment       0x0000007c       0x7d Drivers\STM32F3xx_HAL_Driver\Src\stm32f3xx_hal_gpio.o
 .comment       0x0000007c       0x7d Drivers\STM32F3xx_HAL_Driver\Src\stm32f3xx_hal_rcc.o
 .comment       0x0000007c       0x7d Drivers\STM32F3xx_HAL_Driver\Src\stm32f3xx_hal_rcc_ex.o
 .comment       0x0000007c       0x7d Src\main.o
 .comment       0x0000007c       0x7d Src\stm32f3xx_hal_msp.o
 .comment       0x0000007c       0x7d Src\stm32f3xx_it.o
 .comment       0x0000007c       0x7d Src\system_stm32f3xx.o

.debug_line     0x00000000       0x7f
 .debug_line    0x00000000       0x7f startup\startup_stm32f303xe.o

.debug_info     0x00000000       0x78
 .debug_info    0x00000000       0x78 startup\startup_stm32f303xe.o

.debug_abbrev   0x00000000       0x12
 .debug_abbrev  0x00000000       0x12 startup\startup_stm32f303xe.o

.debug_aranges  0x00000000       0x28
 .debug_aranges
                0x00000000       0x28 startup\startup_stm32f303xe.o

.debug_ranges   0x00000000       0x20
 .debug_ranges  0x00000000       0x20 startup\startup_stm32f303xe.o

.debug_frame    0x00000000       0x2c
 .debug_frame   0x00000000       0x2c c:/program files (x86)/atollic/truestudio for stm32 9.0.0/armtools/bin/../lib/gcc/arm-atollic-eabi/6.3.1/../../../../arm-atollic-eabi/lib/armv7e-m/fpu\libc_nano.a(lib_a-init.o)
