stm32f3xx_hal_tim_ex.c:2662:13:TIM_CCxNChannelCmd	8	static
stm32f3xx_hal_tim_ex.c:2685:13:TIM_OC5_SetConfig	12	static
stm32f3xx_hal_tim_ex.c:2738:13:TIM_OC6_SetConfig	12	static
stm32f3xx_hal_tim_ex.c:293:13:HAL_TIMEx_HallSensor_MspInit	0	static
stm32f3xx_hal_tim_ex.c:187:19:HAL_TIMEx_HallSensor_Init	48	static
stm32f3xx_hal_tim_ex.c:308:13:HAL_TIMEx_HallSensor_MspDeInit	0	static
stm32f3xx_hal_tim_ex.c:266:19:HAL_TIMEx_HallSensor_DeInit	8	static
stm32f3xx_hal_tim_ex.c:323:19:HAL_TIMEx_HallSensor_Start	8	static
stm32f3xx_hal_tim_ex.c:344:19:HAL_TIMEx_HallSensor_Stop	8	static
stm32f3xx_hal_tim_ex.c:365:19:HAL_TIMEx_HallSensor_Start_IT	8	static
stm32f3xx_hal_tim_ex.c:389:19:HAL_TIMEx_HallSensor_Stop_IT	8	static
stm32f3xx_hal_tim_ex.c:415:19:HAL_TIMEx_HallSensor_Start_DMA	16	static
stm32f3xx_hal_tim_ex.c:462:19:HAL_TIMEx_HallSensor_Stop_DMA	8	static
stm32f3xx_hal_tim_ex.c:935:19:HAL_TIMEx_PWMN_Start	8	static
stm32f3xx_hal_tim_ex.c:518:19:HAL_TIMEx_OCN_Start	0	static
stm32f3xx_hal_tim_ex.c:994:19:HAL_TIMEx_PWMN_Start_IT	8	static
stm32f3xx_hal_tim_ex.c:578:19:HAL_TIMEx_OCN_Start_IT	0	static
stm32f3xx_hal_tim_ex.c:1061:19:HAL_TIMEx_PWMN_Stop_IT	8	static
stm32f3xx_hal_tim_ex.c:645:19:HAL_TIMEx_OCN_Stop_IT	0	static
stm32f3xx_hal_tim_ex.c:1136:19:HAL_TIMEx_PWMN_Start_DMA	16	static
stm32f3xx_hal_tim_ex.c:720:19:HAL_TIMEx_OCN_Start_DMA	0	static
stm32f3xx_hal_tim_ex.c:1251:19:HAL_TIMEx_PWMN_Stop_DMA	8	static
stm32f3xx_hal_tim_ex.c:835:19:HAL_TIMEx_OCN_Stop_DMA	0	static
stm32f3xx_hal_tim_ex.c:1338:19:HAL_TIMEx_OnePulseN_Start	8	static
stm32f3xx_hal_tim_ex.c:1363:19:HAL_TIMEx_OnePulseN_Stop	8	static
stm32f3xx_hal_tim_ex.c:964:19:HAL_TIMEx_PWMN_Stop	0	static
stm32f3xx_hal_tim_ex.c:548:19:HAL_TIMEx_OCN_Stop	0	static
stm32f3xx_hal_tim_ex.c:1392:19:HAL_TIMEx_OnePulseN_Start_IT	8	static
stm32f3xx_hal_tim_ex.c:1423:19:HAL_TIMEx_OnePulseN_Stop_IT	8	static
stm32f3xx_hal_tim_ex.c:1496:19:HAL_TIMEx_ConfigCommutationEvent	8	static
stm32f3xx_hal_tim_ex.c:1545:19:HAL_TIMEx_ConfigCommutationEvent_IT	8	static
stm32f3xx_hal_tim_ex.c:1598:19:HAL_TIMEx_ConfigCommutationEvent_DMA	8	static
stm32f3xx_hal_tim_ex.c:1651:19:HAL_TIM_OC_ConfigChannel	8	static
stm32f3xx_hal_tim_ex.c:1755:19:HAL_TIM_PWM_ConfigChannel	16	static
stm32f3xx_hal_tim_ex.c:1894:19:HAL_TIMEx_MasterConfigSynchronization	12	static
stm32f3xx_hal_tim_ex.c:2004:19:HAL_TIMEx_ConfigBreakDeadTime	8	static
stm32f3xx_hal_tim_ex.c:2209:19:HAL_TIMEx_RemapConfig	0	static
stm32f3xx_hal_tim_ex.c:2315:19:HAL_TIMEx_GroupChannel5	0	static
stm32f3xx_hal_tim_ex.c:2371:19:HAL_TIM_ConfigOCrefClear	16	static
stm32f3xx_hal_tim_ex.c:2556:13:HAL_TIMEx_CommutationCallback	0	static
stm32f3xx_hal_tim_ex.c:2641:6:TIMEx_DMACommutationCplt	8	static
stm32f3xx_hal_tim_ex.c:2571:13:HAL_TIMEx_BreakCallback	0	static
stm32f3xx_hal_tim_ex.c:2586:13:HAL_TIMEx_Break2Callback	0	static
stm32f3xx_hal_tim_ex.c:2620:22:HAL_TIMEx_HallSensor_GetState	0	static
