stm32f3xx_hal_rcc.c:232:6:HAL_RCC_DeInit	0	static
stm32f3xx_hal_rcc.c:276:19:HAL_RCC_OscConfig	40	static
stm32f3xx_hal_rcc.c:835:6:HAL_RCC_MCOConfig	40	static
stm32f3xx_hal_rcc.c:869:6:HAL_RCC_EnableCSS	0	static
stm32f3xx_hal_rcc.c:878:6:HAL_RCC_DisableCSS	0	static
stm32f3xx_hal_rcc.c:912:10:HAL_RCC_GetSysClockFreq	0	static
stm32f3xx_hal_rcc.c:626:19:HAL_RCC_ClockConfig	24	static
stm32f3xx_hal_rcc.c:976:10:HAL_RCC_GetHCLKFreq	0	static
stm32f3xx_hal_rcc.c:987:10:HAL_RCC_GetPCLK1Freq	0	static
stm32f3xx_hal_rcc.c:999:10:HAL_RCC_GetPCLK2Freq	0	static
stm32f3xx_hal_rcc.c:1012:6:HAL_RCC_GetOscConfig	0	static
stm32f3xx_hal_rcc.c:1100:6:HAL_RCC_GetClockConfig	0	static
stm32f3xx_hal_rcc.c:1147:13:HAL_RCC_CSSCallback	0	static
stm32f3xx_hal_rcc.c:1130:6:HAL_RCC_NMI_IRQHandler	8	static
